Archive member included to satisfy reference by file (symbol)

C:/devkitPro/libnds/lib\libnds9.a(background.o)
                              main.o (bgUpdate)
C:/devkitPro/libnds/lib\libnds9.a(touch.o)
                              main.o (touchRead)
C:/devkitPro/libnds/lib\libnds9.a(sprite_alloc.o)
                              MainCharacterSprite.o (oamAllocateGfx)
C:/devkitPro/libnds/lib\libnds9.a(console.o)
                              main.o (consoleDemoInit)
C:/devkitPro/libnds/lib\libnds9.a(trig.o)
                              C:/devkitPro/libnds/lib\libnds9.a(background.o) (sinLerp)
C:/devkitPro/libnds/lib\libnds9.a(sprite.o)
                              main.o (oamInit)
C:/devkitPro/libnds/lib\libnds9.a(keys.o)
                              main.o (scanKeys)
C:/devkitPro/libnds/lib\libnds9.a(initSystem.o)
                              c:/devkitpro/devkitarm/bin/../lib/gcc/arm-none-eabi/8.1.0/../../../../arm-none-eabi/lib/thumb/ds_arm9_crt0.o (initSystem)
C:/devkitPro/libnds/lib\libnds9.a(timeSupport.o)
                              C:/devkitPro/libnds/lib\libnds9.a(initSystem.o) (__libnds_gtod)
C:/devkitPro/libnds/lib\libnds9.a(securearea.o)
                              c:/devkitpro/devkitarm/bin/../lib/gcc/arm-none-eabi/8.1.0/../../../../arm-none-eabi/lib/thumb/ds_arm9_crt0.o (__secure_area__)
C:/devkitPro/libnds/lib\libnds9.a(interrupts.o)
                              C:/devkitPro/libnds/lib\libnds9.a(initSystem.o) (irqInit)
C:/devkitPro/libnds/lib\libnds9.a(libnds_exit.arm.o)
                              c:/devkitpro/devkitarm/bin/../lib/gcc/arm-none-eabi/8.1.0/../../../../arm-none-eabi/lib/thumb/ds_arm9_crt0.o (__libnds_exit)
C:/devkitPro/libnds/lib\libnds9.a(fifosystem.o)
                              C:/devkitPro/libnds/lib\libnds9.a(initSystem.o) (fifoSetValue32Handler)
C:/devkitPro/libnds/lib\libnds9.a(dcache.o)
                              C:/devkitPro/libnds/lib\libnds9.a(sprite.o) (DC_FlushRange)
C:/devkitPro/libnds/lib\libnds9.a(mpu_setup.o)
                              c:/devkitpro/devkitarm/bin/../lib/gcc/arm-none-eabi/8.1.0/../../../../arm-none-eabi/lib/thumb/ds_arm9_crt0.o (__libnds_mpu_setup)
C:/devkitPro/libnds/lib\libnds9.a(IntrWait.o)
                              main.o (swiWaitForVBlank)
C:/devkitPro/libnds/lib\libnds9.a(cpu_clock.o)
                              C:/devkitPro/libnds/lib\libnds9.a(initSystem.o) (setCpuClock)
C:/devkitPro/libnds/lib\libnds9.a(interruptDispatcher.o)
                              C:/devkitPro/libnds/lib\libnds9.a(interrupts.o) (IntrMain)
C:/devkitPro/libnds/lib\libnds9.a(debugprint.o)
                              C:/devkitPro/libnds/lib\libnds9.a(console.o) (nocashWrite)
C:/devkitPro/libnds/lib\libnds9.a(swiSoftReset.o)
                              C:/devkitPro/libnds/lib\libnds9.a(fifosystem.o) (swiSoftReset)
C:/devkitPro/libnds/lib\libnds9.a(default_font.bin.o)
                              C:/devkitPro/libnds/lib\libnds9.a(console.o) (default_font_bin)
C:/devkitPro/libnds/lib\libnds9.a(video.o)
                              C:/devkitPro/libnds/lib\libnds9.a(initSystem.o) (vramDefault)
C:/devkitPro/libnds/lib\libnds9.a(system.o)
                              C:/devkitPro/libnds/lib\libnds9.a(initSystem.o) (systemValueHandler)
C:/devkitPro/libnds/lib\libnds9.a(biosCalls.o)
                              C:/devkitPro/libnds/lib\libnds9.a(system.o) (swiDelay)
c:/devkitpro/devkitarm/bin/../lib/gcc/arm-none-eabi/8.1.0/../../../../arm-none-eabi/lib/thumb\libstdc++.a(pure.o)
                              Sprite.o (__cxa_pure_virtual)
c:/devkitpro/devkitarm/bin/../lib/gcc/arm-none-eabi/8.1.0/../../../../arm-none-eabi/lib/thumb\libstdc++.a(eh_terminate.o)
                              c:/devkitpro/devkitarm/bin/../lib/gcc/arm-none-eabi/8.1.0/../../../../arm-none-eabi/lib/thumb\libstdc++.a(pure.o) (std::terminate())
c:/devkitpro/devkitarm/bin/../lib/gcc/arm-none-eabi/8.1.0/../../../../arm-none-eabi/lib/thumb\libstdc++.a(eh_term_handler.o)
                              c:/devkitpro/devkitarm/bin/../lib/gcc/arm-none-eabi/8.1.0/../../../../arm-none-eabi/lib/thumb\libstdc++.a(eh_terminate.o) (__cxxabiv1::__terminate_handler)
c:/devkitpro/devkitarm/bin/../lib/gcc/arm-none-eabi/8.1.0/../../../../arm-none-eabi/lib/thumb\libstdc++.a(eh_personality.o)
                              c:/devkitpro/devkitarm/bin/../lib/gcc/arm-none-eabi/8.1.0/../../../../arm-none-eabi/lib/thumb\libstdc++.a(eh_terminate.o) (__gxx_personality_v0)
c:/devkitpro/devkitarm/bin/../lib/gcc/arm-none-eabi/8.1.0/../../../../arm-none-eabi/lib/thumb\libstdc++.a(eh_catch.o)
                              c:/devkitpro/devkitarm/bin/../lib/gcc/arm-none-eabi/8.1.0/../../../../arm-none-eabi/lib/thumb\libstdc++.a(eh_terminate.o) (__cxa_begin_catch)
c:/devkitpro/devkitarm/bin/../lib/gcc/arm-none-eabi/8.1.0/../../../../arm-none-eabi/lib/thumb\libstdc++.a(eh_arm.o)
[...]
Memory Configuration

Name             Origin             Length             Attributes
ewram            0x0000000002000000 0x0000000000380000
dtcm             0x000000000b000000 0x0000000000004000
vectors          0x0000000001000000 0x0000000000000100
itcm             0x0000000001000100 0x0000000000007f00
*default*        0x0000000000000000 0xffffffffffffffff

Linker script and memory map

                0x0000000002380000                __ewram_end = (ORIGIN (ewram) + LENGTH (ewram))
                0x0000000002380000                __eheap_end = (ORIGIN (ewram) + LENGTH (ewram))
                0x000000000b004000                __dtcm_top = (ORIGIN (dtcm) + LENGTH (dtcm))
                0x000000000b003ff8                __irq_flags = (__dtcm_top - 0x8)
                0x000000000b003ffc                __irq_vector = (__dtcm_top - 0x4)
                0x000000000b003f00                __sp_svc = (__dtcm_top - 0x100)
                0x000000000b003e00                __sp_irq = (__sp_svc - 0x100)
                0x000000000b003d00                __sp_usr = (__sp_irq - 0x100)

.secure         0x0000000002000000      0x800
 *(.secure)
 .secure        0x0000000002000000      0x800 C:/devkitPro/libnds/lib\libnds9.a(securearea.o)
                0x0000000002000000                __secure_area__

.crt0           0x0000000002000800      0x300
                0x0000000002000800                __text_start = .
 *(.crt0)
 .crt0          0x0000000002000800      0x300 c:/devkitpro/devkitarm/bin/../lib/gcc/arm-none-eabi/8.1.0/../../../../arm-none-eabi/lib/thumb/ds_arm9_crt0.o
                0x0000000002000800                _start
                0x0000000002000b00                . = ALIGN (0x4)

.plt
 *(.plt)

.init           0x0000000002000b00        0xc
 *(SORT_NONE(.init))
 .init          0x0000000002000b00        0x4 c:/devkitpro/devkitarm/bin/../lib/gcc/arm-none-eabi/8.1.0/thumb/crti.o
                0x0000000002000b00                _init
 .init          0x0000000002000b04        0x8 c:/devkitpro/devkitarm/bin/../lib/gcc/arm-none-eabi/8.1.0/thumb/crtn.o

.text           0x0000000002000b10     0xdc70
 *(EXCLUDE_FILE(*.twl* *.vectors* *.itcm*) .text)
 .text          0x0000000002000b10       0x94 SpriteAnimator.o
                0x0000000002000b10                SpriteAnimator::KillSprite(Sprite*)
                0x0000000002000b30                SpriteAnimator::Allocate(Sprite*, unsigned char const*)
                0x0000000002000b64                SpriteAnimator::FindFreeSpriteIndex()
                0x0000000002000b80                SpriteAnimator::AnimateSprites()
 .text          0x0000000002000ba4      0x1b4 Sprite.o
                0x0000000002000ba4                Sprite::SetSpriteWidthAndHeight(SpriteSize)
                0x0000000002000c90                Sprite::SetOam()
                0x0000000002000cf4                Sprite::Sprite(OamState*, Position<double>, SpriteSize, SpriteColorFormat)
                0x0000000002000cf4                Sprite::Sprite(OamState*, Position<double>, SpriteSize, SpriteColorFormat)
                0x0000000002000d48                Sprite::GetPosition()
 .text          0x0000000002000d58      0xa78 MainCharacterSprite.o
                0x0000000002000d58                MainCharacterSprite::Animate()
                0x0000000002000db4                MainCharacterSprite::Allocate(unsigned char const*)
                0x0000000002000e24                MainCharacterSprite::KillSprite()
                0x0000000002000e40                MainCharacterSprite::MainCharacterSprite(OamState*, Position<double>, SpriteSize, SpriteColorFormat)
                0x0000000002000e40                MainCharacterSprite::MainCharacterSprite(OamState*, Position<double>, SpriteSize, SpriteColorFormat)
                0x0000000002000f08                MainCharacterSprite::~MainCharacterSprite()
                0x0000000002000f08                MainCharacterSprite::~MainCharacterSprite()
                0x0000000002000f30                MainCharacterSprite::Jump()
                0x0000000002000f4c                MainCharacterSprite::Crouch()
                0x0000000002000f50                MainCharacterSprite::MoveLeft()
                0x0000000002000f98                MainCharacterSprite::MoveRight()
                0x0000000002000fe0                MainCharacterSprite::Idle()
                0x000000000200107c                MainCharacterSprite::DetectCollisionWithBackground(unsigned short const*, int, Position<int>)
                0x0000000002001598                MainCharacterSprite::MoveSprite(int, unsigned short const*, int, Position<int>)
 .text          0x00000000020017d0      0x150 c:/devkitpro/devkitarm/bin/../lib/gcc/arm-none-eabi/8.1.0/thumb\libgcc.a(_divsi3.o)
                0x00000000020017d0                __divsi3
                0x00000000020017d0                __aeabi_idiv
                0x0000000002001900                __aeabi_idivmod
 .text          0x0000000002001920        0x4 c:/devkitpro/devkitarm/bin/../lib/gcc/arm-none-eabi/8.1.0/thumb\libgcc.a(_dvmd_tls.o)
                0x0000000002001920                __aeabi_idiv0
                0x0000000002001920                __aeabi_ldiv0
 .text          0x0000000002001924      0x424 c:/devkitpro/devkitarm/bin/../lib/gcc/arm-none-eabi/8.1.0/thumb\libgcc.a(_arm_addsubdf3.o)
                0x0000000002001924                __aeabi_drsub
                0x000000000200192c                __aeabi_dsub
                0x000000000200192c                __subdf3
                0x0000000002001930                __aeabi_dadd
                0x0000000002001930                __adddf3
                0x0000000002001c40                __floatunsidf
                0x0000000002001c40                __aeabi_ui2d
                0x0000000002001c64                __floatsidf
                0x0000000002001c64                __aeabi_i2d
                0x0000000002001c8c                __aeabi_f2d
                0x0000000002001c8c                __extendsfdf2
                0x0000000002001cd4                __floatundidf
                0x0000000002001cd4                __aeabi_ul2d
                0x0000000002001ce8                __floatdidf
                0x0000000002001ce8                __aeabi_l2d
 .text          0x0000000002001d48      0x49c c:/devkitpro/devkitarm/bin/../lib/gcc/arm-none-eabi/8.1.0/thumb\libgcc.a(_arm_muldivdf3.o)
                0x0000000002001d48                __aeabi_dmul
                0x0000000002001d48                __muldf3
                0x0000000002001fd8                __divdf3
                0x0000000002001fd8                __aeabi_ddiv
 .text          0x00000000020021e4      0x144 c:/devkitpro/devkitarm/bin/../lib/gcc/arm-none-eabi/8.1.0/thumb\libgcc.a(_arm_cmpdf2.o)
                0x00000000020021e4                __gtdf2
                0x00000000020021e4                __gedf2
                0x00000000020021ec                __ltdf2
                0x00000000020021ec                __ledf2
                0x00000000020021f4                __nedf2
                0x00000000020021f4                __eqdf2
                0x00000000020021f4                __cmpdf2
                0x000000000200227c                __aeabi_cdrcmple
                0x0000000002002298                __aeabi_cdcmpeq
                0x0000000002002298                __aeabi_cdcmple
                0x00000000020022b0                __aeabi_dcmpeq
                0x00000000020022c8                __aeabi_dcmplt
                0x00000000020022e0                __aeabi_dcmple
                0x00000000020022f8                __aeabi_dcmpge
                0x0000000002002310                __aeabi_dcmpgt
 .text          0x0000000002002328       0x5c c:/devkitpro/devkitarm/bin/../lib/gcc/arm-none-eabi/8.1.0/thumb\libgcc.a(_arm_fixdfsi.o)
                0x0000000002002328                __aeabi_d2iz
                0x0000000002002328                __fixdfsi
 .text          0x0000000002002384      0x2ac c:/devkitpro/devkitarm/bin/../lib/gcc/arm-none-eabi/8.1.0/thumb\libgcc.a(_arm_addsubsf3.o)
                0x0000000002002384                __aeabi_frsub
                0x000000000200238c                __subsf3
                0x000000000200238c                __aeabi_fsub
                0x0000000002002390                __aeabi_fadd
                0x0000000002002390                __addsf3
                0x000000000200254c                __aeabi_ui2f
                0x000000000200254c                __floatunsisf
                0x0000000002002554                __aeabi_i2f
                0x0000000002002554                __floatsisf
                0x0000000002002574                __aeabi_ul2f
                0x0000000002002574                __floatundisf
                0x0000000002002584                __aeabi_l2f
                0x0000000002002584                __floatdisf
 .text          0x0000000002002630      0x2f8 c:/devkitpro/devkitarm/bin/../lib/gcc/arm-none-eabi/8.1.0/thumb\libgcc.a(_arm_muldivsf3.o)
                0x0000000002002630                __mulsf3
                0x0000000002002630                __aeabi_fmul
                0x00000000020027c8                __aeabi_fdiv
                0x00000000020027c8                __divsf3
 .text          0x0000000002002928      0x114 c:/devkitpro/devkitarm/bin/../lib/gcc/arm-none-eabi/8.1.0/thumb\libgcc.a(_arm_cmpsf2.o)
                0x0000000002002928                __gesf2
                0x0000000002002928                __gtsf2
                0x0000000002002930                __lesf2
                0x0000000002002930                __ltsf2
                0x0000000002002938                __nesf2
                0x0000000002002938                __eqsf2
                0x0000000002002938                __cmpsf2
                0x000000000200299c                __aeabi_cfrcmple
                0x00000000020029ac                __aeabi_cfcmpeq
                0x00000000020029ac                __aeabi_cfcmple
                0x00000000020029c4                __aeabi_fcmpeq
                0x00000000020029dc                __aeabi_fcmplt
                0x00000000020029f4                __aeabi_fcmple
                0x0000000002002a0c                __aeabi_fcmpge
                0x0000000002002a24                __aeabi_fcmpgt
 .text          0x0000000002002a3c       0x5c c:/devkitpro/devkitarm/bin/../lib/gcc/arm-none-eabi/8.1.0/thumb\libgcc.a(_arm_fixsfsi.o)
                0x0000000002002a3c                __aeabi_f2iz
                0x0000000002002a3c                __fixsfsi
 .text          0x0000000002002a98      0x1d8 c:/devkitpro/devkitarm/bin/../lib/gcc/arm-none-eabi/8.1.0/thumb\libgcc.a(libunwind.o)
                0x0000000002002a98                __restore_core_regs
                0x0000000002002a98                restore_core_regs
                0x0000000002002ab4                __gnu_Unwind_Restore_VFP
                0x0000000002002abc                __gnu_Unwind_Save_VFP
                0x0000000002002ac4                __gnu_Unwind_Restore_VFP_D
                0x0000000002002acc                __gnu_Unwind_Save_VFP_D
                0x0000000002002ad4                __gnu_Unwind_Restore_VFP_D_16_to_31
                0x0000000002002adc                __gnu_Unwind_Save_VFP_D_16_to_31
                0x0000000002002ae4                __gnu_Unwind_Restore_WMMXD
                0x0000000002002b28                __gnu_Unwind_Save_WMMXD
                0x0000000002002b6c                __gnu_Unwind_Restore_WMMXC
                0x0000000002002b80                __gnu_Unwind_Save_WMMXC
                0x0000000002002b94                ___Unwind_RaiseException
                0x0000000002002b94                _Unwind_RaiseException
                0x0000000002002bc0                _Unwind_Resume
                0x0000000002002bc0                ___Unwind_Resume
                0x0000000002002bec                _Unwind_Resume_or_Rethrow
                0x0000000002002bec                ___Unwind_Resume_or_Rethrow
                0x0000000002002c18                _Unwind_ForcedUnwind
                0x0000000002002c18                ___Unwind_ForcedUnwind
                0x0000000002002c44                ___Unwind_Backtrace
                0x0000000002002c44                _Unwind_Backtrace
 .text          0x0000000002002c70      0x224 c:/devkitpro/devkitarm/bin/../lib/gcc/arm-none-eabi/8.1.0/../../../../arm-none-eabi/lib/thumb\libg.a(lib_a-strcmp.o)
                0x0000000002002c70                strcmp
 .text          0x0000000002002e94       0x14 c:/devkitpro/devkitarm/bin/../lib/gcc/arm-none-eabi/8.1.0/thumb\libgcc.a(_thumb1_case_uqi.o)
                0x0000000002002e94                __gnu_thumb1_case_uqi
 .text          0x0000000002002ea8       0x14 c:/devkitpro/devkitarm/bin/../lib/gcc/arm-none-eabi/8.1.0/thumb\libgcc.a(_thumb1_case_uhi.o)
                0x0000000002002ea8                __gnu_thumb1_case_uhi
 .text          0x0000000002002ebc      0x11c c:/devkitpro/devkitarm/bin/../lib/gcc/arm-none-eabi/8.1.0/thumb\libgcc.a(_udivsi3.o)
                0x0000000002002ebc                __aeabi_uidiv
                0x0000000002002ebc                __udivsi3
                0x0000000002002fb8                __aeabi_uidivmod
 .text          0x0000000002002fd8       0x3c c:/devkitpro/devkitarm/bin/../lib/gcc/arm-none-eabi/8.1.0/thumb\libgcc.a(_aeabi_uldivmod.o)
                0x0000000002002fd8                __aeabi_uldivmod
 .text          0x0000000002003014       0x28 c:/devkitpro/devkitarm/bin/../lib/gcc/arm-none-eabi/8.1.0/thumb\libgcc.a(_clzdi2.o)
                0x0000000002003014                __clzdi2
 .text          0x000000000200303c       0x48 c:/devkitpro/devkitarm/bin/../lib/gcc/arm-none-eabi/8.1.0/thumb\libgcc.a(_clzsi2.o)
                0x000000000200303c                __clzsi2
 *(EXCLUDE_FILE(*.twl* *.vectors* *.itcm*) .stub)
 *(EXCLUDE_FILE(*.twl* *.vectors* *.itcm*) .text.*)
 .text.deregister_tm_clones
                0x0000000002003084       0x2c c:/devkitpro/devkitarm/bin/../lib/gcc/arm-none-eabi/8.1.0/thumb/crtbegin.o
 .text.register_tm_clones
                0x00000000020030b0       0x34 c:/devkitpro/devkitarm/bin/../lib/gcc/arm-none-eabi/8.1.0/thumb/crtbegin.o
 .text.__do_global_dtors_aux
                0x00000000020030e4       0x30 c:/devkitpro/devkitarm/bin/../lib/gcc/arm-none-eabi/8.1.0/thumb/crtbegin.o
 .text.frame_dummy
                0x0000000002003114       0x28 c:/devkitpro/devkitarm/bin/../lib/gcc/arm-none-eabi/8.1.0/thumb/crtbegin.o
 .text.startup  0x000000000200313c      0x2b4 main.o
                0x000000000200313c                main
 .text.checkIfText.part.0
                0x00000000020033f0       0x40 C:/devkitPro/libnds/lib\libnds9.a(background.o)
 .text.bgUpdate
                0x0000000002003430      0x104 C:/devkitPro/libnds/lib\libnds9.a(background.o)
                0x0000000002003430                bgUpdate
 .text.bgInit_call
                0x0000000002003534      0x110 C:/devkitPro/libnds/lib\libnds9.a(background.o)
                0x0000000002003534                bgInit_call
 .text.bgInitSub_call
                0x0000000002003644       0xf4 C:/devkitPro/libnds/lib\libnds9.a(background.o)
                0x0000000002003644                bgInitSub_call
 .text.touchRead
                0x0000000002003738       0x24 C:/devkitPro/libnds/lib\libnds9.a(touch.o)
                0x0000000002003738                touchRead
 .text.getAllocHeader
                0x000000000200375c       0x28 C:/devkitPro/libnds/lib\libnds9.a(sprite_alloc.o)
 .text.oamAllocReset
                0x0000000002003784       0x1c C:/devkitPro/libnds/lib\libnds9.a(sprite_alloc.o)
                0x0000000002003784                oamAllocReset
 .text.oamAllocateGfx
                0x00000000020037a0      0x224 C:/devkitPro/libnds/lib\libnds9.a(sprite_alloc.o)
                0x00000000020037a0                oamAllocateGfx
 .text.oamFreeGfx
                0x00000000020039c4      0x180 C:/devkitPro/libnds/lib\libnds9.a(sprite_alloc.o)
                0x00000000020039c4                oamFreeGfx
 .text.newRow   0x0000000002003b44       0xb4 C:/devkitPro/libnds/lib\libnds9.a(console.o)
 .text.consolePrintChar
                0x0000000002003bf8       0xec C:/devkitPro/libnds/lib\libnds9.a(console.o)
                0x0000000002003bf8                consolePrintChar
 .text.consoleCls
                0x0000000002003ce4       0xe0 C:/devkitPro/libnds/lib\libnds9.a(console.o)
 .text.consoleLoadFont
                0x0000000002003dc4      0x280 C:/devkitPro/libnds/lib\libnds9.a(console.o)
                0x0000000002003dc4                consoleLoadFont
 .text.consoleInit
                0x0000000002004044      0x15c C:/devkitPro/libnds/lib\libnds9.a(console.o)
                0x0000000002004044                consoleInit
 .text.consoleDemoInit
                0x00000000020041a0       0x40 C:/devkitPro/libnds/lib\libnds9.a(console.o)
                0x00000000020041a0                consoleDemoInit
 .text.con_write
                0x00000000020041e0      0x27c C:/devkitPro/libnds/lib\libnds9.a(console.o)
                0x00000000020041e0                con_write
 .text.consoleClear
                0x000000000200445c       0x10 C:/devkitPro/libnds/lib\libnds9.a(console.o)
                0x000000000200445c                consoleClear
 .text.sinLutLookup
                0x000000000200446c       0x3c C:/devkitPro/libnds/lib\libnds9.a(trig.o)
                0x000000000200446c                sinLutLookup
 .text.sinLerp  0x00000000020044a8       0x44 C:/devkitPro/libnds/lib\libnds9.a(trig.o)
                0x00000000020044a8                sinLerp
 .text.cosLerp  0x00000000020044ec       0x14 C:/devkitPro/libnds/lib\libnds9.a(trig.o)
                0x00000000020044ec                cosLerp
 .text.oamInit  0x0000000002004500      0x11c C:/devkitPro/libnds/lib\libnds9.a(sprite.o)
                0x0000000002004500                oamInit
 .text.oamGetGfxPtr
                0x000000000200461c       0x38 C:/devkitPro/libnds/lib\libnds9.a(sprite.o)
                0x000000000200461c                oamGetGfxPtr
 .text.oamGfxPtrToOffset
                0x0000000002004654       0x34 C:/devkitPro/libnds/lib\libnds9.a(sprite.o)
                0x0000000002004654                oamGfxPtrToOffset
 .text.oamSet   0x0000000002004688      0x148 C:/devkitPro/libnds/lib\libnds9.a(sprite.o)
                0x0000000002004688                oamSet
 .text.oamUpdate
                0x00000000020047d0       0x60 C:/devkitPro/libnds/lib\libnds9.a(sprite.o)
                0x00000000020047d0                oamUpdate
 .text.scanKeys
                0x0000000002004830       0x8c C:/devkitPro/libnds/lib\libnds9.a(keys.o)
                0x0000000002004830                scanKeys
 .text.keysHeld
                0x00000000020048bc        0xc C:/devkitPro/libnds/lib\libnds9.a(keys.o)
                0x00000000020048bc                keysHeld
 .text.initSystem
                0x00000000020048c8      0x198 C:/devkitPro/libnds/lib\libnds9.a(initSystem.o)
                0x00000000020048c8                initSystem
 .text.__libnds_gtod
                0x0000000002004a60       0x28 C:/devkitPro/libnds/lib\libnds9.a(timeSupport.o)
                0x0000000002004a60                __libnds_gtod
 .text.irqDummy
                0x0000000002004a88        0x4 C:/devkitPro/libnds/lib\libnds9.a(interrupts.o)
                0x0000000002004a88                irqDummy
 .text.irqSet   0x0000000002004a8c       0x6c C:/devkitPro/libnds/lib\libnds9.a(interrupts.o)
                0x0000000002004a8c                irqSet
 .text.irqInit  0x0000000002004af8       0x50 C:/devkitPro/libnds/lib\libnds9.a(interrupts.o)
                0x0000000002004af8                irqInit
 .text.irqEnable
                0x0000000002004b48       0x64 C:/devkitPro/libnds/lib\libnds9.a(interrupts.o)
                0x0000000002004b48                irqEnable
 .text.systemErrorExit
                0x0000000002004bac        0x4 C:/devkitPro/libnds/lib\libnds9.a(libnds_exit.arm.o)
                0x0000000002004bac                systemErrorExit
 .text.__libnds_exit
                0x0000000002004bb0       0x5c C:/devkitPro/libnds/lib\libnds9.a(libnds_exit.arm.o)
                0x0000000002004bb0                __libnds_exit
 .text.fifo_waitBlock
                0x0000000002004c0c       0x80 C:/devkitPro/libnds/lib\libnds9.a(fifosystem.o)
 .text.fifo_queueBlock
                0x0000000002004c8c       0x40 C:/devkitPro/libnds/lib\libnds9.a(fifosystem.o)
 .text.fifoInternalSendInterrupt
                0x0000000002004ccc       0xac C:/devkitPro/libnds/lib\libnds9.a(fifosystem.o)
 .text.fifoInternalSend.part.2
                0x0000000002004d78       0xd4 C:/devkitPro/libnds/lib\libnds9.a(fifosystem.o)
 .text.fifoGetValue32.part.3
                0x0000000002004e4c       0x74 C:/devkitPro/libnds/lib\libnds9.a(fifosystem.o)
 .text.fifoSetValue32Handler
                0x0000000002004ec0       0x78 C:/devkitPro/libnds/lib\libnds9.a(fifosystem.o)
                0x0000000002004ec0                fifoSetValue32Handler
 .text.fifoSendValue32
                0x0000000002004f38       0x4c C:/devkitPro/libnds/lib\libnds9.a(fifosystem.o)
                0x0000000002004f38                fifoSendValue32
 .text.fifoGetDatamsg
                0x0000000002004f84      0x138 C:/devkitPro/libnds/lib\libnds9.a(fifosystem.o)
                0x0000000002004f84                fifoGetDatamsg
 .text.fifoInternalRecvInterrupt
                0x00000000020050bc      0x3dc C:/devkitPro/libnds/lib\libnds9.a(fifosystem.o)
 .text.fifoSetDatamsgHandler
                0x0000000002005498       0x9c C:/devkitPro/libnds/lib\libnds9.a(fifosystem.o)
                0x0000000002005498                fifoSetDatamsgHandler
 .text.fifoInit
                0x0000000002005534      0x104 C:/devkitPro/libnds/lib\libnds9.a(fifosystem.o)
                0x0000000002005534                fifoInit
 .text.DC_FlushRange
                0x0000000002005638       0x24 C:/devkitPro/libnds/lib\libnds9.a(dcache.o)
                0x0000000002005638                DC_FlushRange
 .text.__libnds_mpu_setup
                0x000000000200565c      0x174 C:/devkitPro/libnds/lib\libnds9.a(mpu_setup.o)
                0x000000000200565c                __libnds_mpu_setup
 .text.memUncached
                0x00000000020057d0       0x20 C:/devkitPro/libnds/lib\libnds9.a(mpu_setup.o)
                0x00000000020057d0                memUncached
 .text.swiWaitForVBlank
                0x00000000020057f0        0x8 C:/devkitPro/libnds/lib\libnds9.a(IntrWait.o)
                0x00000000020057f0                swiWaitForVBlank
 .text.swiIntrWait
                0x00000000020057f8       0x70 C:/devkitPro/libnds/lib\libnds9.a(IntrWait.o)
                0x00000000020057f8                swiIntrWait
 .text.setCpuClock
                0x0000000002005868       0x50 C:/devkitPro/libnds/lib\libnds9.a(cpu_clock.o)
                0x0000000002005868                setCpuClock
 .text.swiSoftReset
                0x00000000020058b8       0x2c C:/devkitPro/libnds/lib\libnds9.a(swiSoftReset.o)
                0x00000000020058b8                swiSoftReset
 .text.vramDefault
                0x00000000020058e4       0xd0 C:/devkitPro/libnds/lib\libnds9.a(video.o)
                0x00000000020058e4                vramDefault
 .text.systemValueHandler
                0x00000000020059b4       0x48 C:/devkitPro/libnds/lib\libnds9.a(system.o)
                0x00000000020059b4                systemValueHandler
 .text.systemMsgHandler
                0x00000000020059fc       0x5c C:/devkitPro/libnds/lib\libnds9.a(system.o)
                0x00000000020059fc                systemMsgHandler
 .text.powerOn  0x0000000002005a58       0x2c C:/devkitPro/libnds/lib\libnds9.a(system.o)
                0x0000000002005a58                powerOn
 .text.swiDelay
                0x0000000002005a84        0x4 C:/devkitPro/libnds/lib\libnds9.a(biosCalls.o)
                0x0000000002005a84                swiDelay
 .text.__cxa_pure_virtual
                0x0000000002005a88        0x8 c:/devkitpro/devkitarm/bin/../lib/gcc/arm-none-eabi/8.1.0/../../../../arm-none-eabi/lib/thumb\libstdc++.a(pure.o)
                0x0000000002005a88                __cxa_pure_virtual
 .text._ZN10__cxxabiv111__terminateEPFvvE
                0x0000000002005a90       0x2c c:/devkitpro/devkitarm/bin/../lib/gcc/arm-none-eabi/8.1.0/../../../../arm-none-eabi/lib/thumb\libstdc++.a(eh_terminate.o)
                0x0000000002005a90                __cxxabiv1::__terminate(void (*)())
 .text._ZSt9terminatev
                0x0000000002005abc       0x10 c:/devkitpro/devkitarm/bin/../lib/gcc/arm-none-eabi/8.1.0/../../../../arm-none-eabi/lib/thumb\libstdc++.a(eh_terminate.o)
                0x0000000002005abc                std::terminate()
 .text._ZN10__cxxabiv112__unexpectedEPFvvE
                0x0000000002005acc        0xc c:/devkitpro/devkitarm/bin/../lib/gcc/arm-none-eabi/8.1.0/../../../../arm-none-eabi/lib/thumb\libstdc++.a(eh_terminate.o)
                0x0000000002005acc                __cxxabiv1::__unexpected(void (*)())
 .text._ZSt10unexpectedv
                0x0000000002005ad8       0x10 c:/devkitpro/devkitarm/bin/../lib/gcc/arm-none-eabi/8.1.0/../../../../arm-none-eabi/lib/thumb\libstdc++.a(eh_terminate.o)
                0x0000000002005ad8                std::unexpected()
 .text._ZSt13get_terminatev
                0x0000000002005ae8        0xc c:/devkitpro/devkitarm/bin/../lib/gcc/arm-none-eabi/8.1.0/../../../../arm-none-eabi/lib/thumb\libstdc++.a(eh_terminate.o)
                0x0000000002005ae8                std::get_terminate()
 .text._ZSt14get_unexpectedv
                0x0000000002005af4        0xc c:/devkitpro/devkitarm/bin/../lib/gcc/arm-none-eabi/8.1.0/../../../../arm-none-eabi/lib/thumb\libstdc++.a(eh_terminate.o)
                0x0000000002005af4                std::get_unexpected()
 .text._ZL28read_encoded_value_with_basehjPKhPj
                0x0000000002005b00      0x108 c:/devkitpro/devkitarm/bin/../lib/gcc/arm-none-eabi/8.1.0/../../../../arm-none-eabi/lib/thumb\libstdc++.a(eh_personality.o)
 .text._ZL21base_of_encoded_valuehP15_Unwind_Context
                0x0000000002005c08       0x4c c:/devkitpro/devkitarm/bin/../lib/gcc/arm-none-eabi/8.1.0/../../../../arm-none-eabi/lib/thumb\libstdc++.a(eh_personality.o)
 .text._ZL17parse_lsda_headerP15_Unwind_ContextPKhP16lsda_header_info
                0x0000000002005c54       0x9c c:/devkitpro/devkitarm/bin/../lib/gcc/arm-none-eabi/8.1.0/../../../../arm-none-eabi/lib/thumb\libstdc++.a(eh_personality.o)
 .text.__gxx_personality_v0
                0x0000000002005cf0      0x48c c:/devkitpro/devkitarm/bin/../lib/gcc/arm-none-eabi/8.1.0/../../../../arm-none-eabi/lib/thumb\libstdc++.a(eh_personality.o)
                0x0000000002005cf0                __gxx_personality_v0
 .text.__cxa_begin_catch
                0x000000000200617c       0x7c c:/devkitpro/devkitarm/bin/../lib/gcc/arm-none-eabi/8.1.0/../../../../arm-none-eabi/lib/thumb\libstdc++.a(eh_catch.o)
                0x000000000200617c                __cxa_begin_catch
 .text.__cxa_end_catch
                0x00000000020061f8       0x90 c:/devkitpro/devkitarm/bin/../lib/gcc/arm-none-eabi/8.1.0/../../../../arm-none-eabi/lib/thumb\libstdc++.a(eh_catch.o)
                0x00000000020061f8                __cxa_end_catch
 .text.__cxa_end_cleanup
                0x0000000002006288        0xc c:/devkitpro/devkitarm/bin/../lib/gcc/arm-none-eabi/8.1.0/../../../../arm-none-eabi/lib/thumb\libstdc++.a(eh_arm.o)
                0x0000000002006288                __cxa_end_cleanup
 .text.__cxa_type_match
                0x0000000002006294       0xe0 c:/devkitpro/devkitarm/bin/../lib/gcc/arm-none-eabi/8.1.0/../../../../arm-none-eabi/lib/thumb\libstdc++.a(eh_arm.o)
                0x0000000002006294                __cxa_type_match
 .text.__cxa_begin_cleanup
                0x0000000002006374       0x64 c:/devkitpro/devkitarm/bin/../lib/gcc/arm-none-eabi/8.1.0/../../../../arm-none-eabi/lib/thumb\libstdc++.a(eh_arm.o)
                0x0000000002006374                __cxa_begin_cleanup
 .text.__gnu_end_cleanup
                0x00000000020063d8       0x74 c:/devkitpro/devkitarm/bin/../lib/gcc/arm-none-eabi/8.1.0/../../../../arm-none-eabi/lib/thumb\libstdc++.a(eh_arm.o)
                0x00000000020063d8                __gnu_end_cleanup
 .text._ZN10__cxxabiv1L24__is_gxx_exception_classEPc
                0x000000000200644c       0x3c c:/devkitpro/devkitarm/bin/../lib/gcc/arm-none-eabi/8.1.0/../../../../arm-none-eabi/lib/thumb\libstdc++.a(eh_call.o)
 .text.__cxa_call_terminate
                0x0000000002006488       0x20 c:/devkitpro/devkitarm/bin/../lib/gcc/arm-none-eabi/8.1.0/../../../../arm-none-eabi/lib/thumb\libstdc++.a(eh_call.o)
                0x0000000002006488                __cxa_call_terminate
 .text.unlikely.__cxa_call_unexpected
                0x00000000020064a8      0x108 c:/devkitpro/devkitarm/bin/../lib/gcc/arm-none-eabi/8.1.0/../../../../arm-none-eabi/lib/thumb\libstdc++.a(eh_call.o)
                0x00000000020064a8                __cxa_call_unexpected
 .text.__cxa_get_globals_fast
                0x00000000020065b0        0x8 c:/devkitpro/devkitarm/bin/../lib/gcc/arm-none-eabi/8.1.0/../../../../arm-none-eabi/lib/thumb\libstdc++.a(eh_globals.o)
                0x00000000020065b0                __cxa_get_globals_fast
 .text.__cxa_get_globals
                0x00000000020065b8        0x8 c:/devkitpro/devkitarm/bin/../lib/gcc/arm-none-eabi/8.1.0/../../../../arm-none-eabi/lib/thumb\libstdc++.a(eh_globals.o)
                0x00000000020065b8                __cxa_get_globals
 .text._ZNSt13bad_exceptionD2Ev
                0x00000000020065c0        0x4 c:/devkitpro/devkitarm/bin/../lib/gcc/arm-none-eabi/8.1.0/../../../../arm-none-eabi/lib/thumb\libstdc++.a(eh_exception.o)
                0x00000000020065c0                std::bad_exception::~bad_exception()
                0x00000000020065c0                std::bad_exception::~bad_exception()
 .text._ZNKSt13bad_exception4whatEv
                0x00000000020065c4        0x8 c:/devkitpro/devkitarm/bin/../lib/gcc/arm-none-eabi/8.1.0/../../../../arm-none-eabi/lib/thumb\libstdc++.a(eh_exception.o)
                0x00000000020065c4                std::bad_exception::what() const
                0x00000000020065c4                transaction clone for std::bad_exception::what() const
 .text._ZNSt13bad_exceptionD0Ev
                0x00000000020065cc       0x14 c:/devkitpro/devkitarm/bin/../lib/gcc/arm-none-eabi/8.1.0/../../../../arm-none-eabi/lib/thumb\libstdc++.a(eh_exception.o)
                0x00000000020065cc                std::bad_exception::~bad_exception()
 .text._ZdlPvj  0x00000000020065e0        0xc c:/devkitpro/devkitarm/bin/../lib/gcc/arm-none-eabi/8.1.0/../../../../arm-none-eabi/lib/thumb\libstdc++.a(del_ops.o)
                0x00000000020065e0                operator delete(void*, unsigned int)
 .text._ZL23__gxx_exception_cleanup19_Unwind_Reason_CodeP21_Unwind_Control_Block
                0x00000000020065ec       0x3c c:/devkitpro/devkitarm/bin/../lib/gcc/arm-none-eabi/8.1.0/../../../../arm-none-eabi/lib/thumb\libstdc++.a(eh_throw.o)
 .text.__cxa_init_primary_exception
                0x0000000002006628       0x50 c:/devkitpro/devkitarm/bin/../lib/gcc/arm-none-eabi/8.1.0/../../../../arm-none-eabi/lib/thumb\libstdc++.a(eh_throw.o)
                0x0000000002006628                __cxa_init_primary_exception
 .text.__cxa_throw
                0x0000000002006678       0x34 c:/devkitpro/devkitarm/bin/../lib/gcc/arm-none-eabi/8.1.0/../../../../arm-none-eabi/lib/thumb\libstdc++.a(eh_throw.o)
                0x0000000002006678                __cxa_throw
 .text.__cxa_rethrow
                0x00000000020066ac       0x70 c:/devkitpro/devkitarm/bin/../lib/gcc/arm-none-eabi/8.1.0/../../../../arm-none-eabi/lib/thumb\libstdc++.a(eh_throw.o)
                0x00000000020066ac                __cxa_rethrow
 .text._ZN12_GLOBAL__N_14pool4freeEPv.constprop.4
                0x000000000200671c       0x88 c:/devkitpro/devkitarm/bin/../lib/gcc/arm-none-eabi/8.1.0/../../../../arm-none-eabi/lib/thumb\libstdc++.a(eh_alloc.o)
 .text._ZN12_GLOBAL__N_14pool8allocateEj.constprop.5
                0x00000000020067a4       0x64 c:/devkitpro/devkitarm/bin/../lib/gcc/arm-none-eabi/8.1.0/../../../../arm-none-eabi/lib/thumb\libstdc++.a(eh_alloc.o)
 .text.__cxa_allocate_exception
                0x0000000002006808       0x30 c:/devkitpro/devkitarm/bin/../lib/gcc/arm-none-eabi/8.1.0/../../../../arm-none-eabi/lib/thumb\libstdc++.a(eh_alloc.o)
                0x0000000002006808                __cxa_allocate_exception
 .text.__cxa_free_exception
                0x0000000002006838       0x28 c:/devkitpro/devkitarm/bin/../lib/gcc/arm-none-eabi/8.1.0/../../../../arm-none-eabi/lib/thumb\libstdc++.a(eh_alloc.o)
                0x0000000002006838                __cxa_free_exception
 .text.startup._GLOBAL__sub_I__ZN9__gnu_cxx9__freeresEv
                0x0000000002006860       0x30 c:/devkitpro/devkitarm/bin/../lib/gcc/arm-none-eabi/8.1.0/../../../../arm-none-eabi/lib/thumb\libstdc++.a(eh_alloc.o)
 .text._ZdlPv   0x0000000002006890        0xc c:/devkitpro/devkitarm/bin/../lib/gcc/arm-none-eabi/8.1.0/../../../../arm-none-eabi/lib/thumb\libstdc++.a(del_op.o)
                0x0000000002006890                operator delete(void*)
 .text._ZN10__cxxabiv120__si_class_type_infoD2Ev
                0x000000000200689c       0x1c c:/devkitpro/devkitarm/bin/../lib/gcc/arm-none-eabi/8.1.0/../../../../arm-none-eabi/lib/thumb\libstdc++.a(si_class_type_info.o)
                0x000000000200689c                __cxxabiv1::__si_class_type_info::~__si_class_type_info()
                0x000000000200689c                __cxxabiv1::__si_class_type_info::~__si_class_type_info()
 .text._ZN10__cxxabiv120__si_class_type_infoD0Ev
                0x00000000020068b8       0x24 c:/devkitpro/devkitarm/bin/../lib/gcc/arm-none-eabi/8.1.0/../../../../arm-none-eabi/lib/thumb\libstdc++.a(si_class_type_info.o)
                0x00000000020068b8                __cxxabiv1::__si_class_type_info::~__si_class_type_info()
 .text._ZNK10__cxxabiv120__si_class_type_info20__do_find_public_srcEiPKvPKNS_17__class_type_infoES2_
                0x00000000020068dc       0x40 c:/devkitpro/devkitarm/bin/../lib/gcc/arm-none-eabi/8.1.0/../../../../arm-none-eabi/lib/thumb\libstdc++.a(si_class_type_info.o)
                0x00000000020068dc                __cxxabiv1::__si_class_type_info::__do_find_public_src(int, void const*, __cxxabiv1::__class_type_info const*, void const*) const
 .text._ZNK10__cxxabiv120__si_class_type_info12__do_dyncastEiNS_17__class_type_info10__sub_kindEPKS1_PKvS4_S6_RNS1_16__dyncast_resultE
                0x000000000200691c       0xa4 c:/devkitpro/devkitarm/bin/../lib/gcc/arm-none-eabi/8.1.0/../../../../arm-none-eabi/lib/thumb\libstdc++.a(si_class_type_info.o)
                0x000000000200691c                __cxxabiv1::__si_class_type_info::__do_dyncast(int, __cxxabiv1::__class_type_info::__sub_kind, __cxxabiv1::__class_type_info const*, void const*, __cxxabiv1::__class_type_info const*, void const*, __cxxabiv1::__class_type_info::__dyncast_result&) const
 .text._ZNK10__cxxabiv120__si_class_type_info11__do_upcastEPKNS_17__class_type_infoEPKvRNS1_15__upcast_resultE
                0x00000000020069c0       0x2c c:/devkitpro/devkitarm/bin/../lib/gcc/arm-none-eabi/8.1.0/../../../../arm-none-eabi/lib/thumb\libstdc++.a(si_class_type_info.o)
                0x00000000020069c0                __cxxabiv1::__si_class_type_info::__do_upcast(__cxxabiv1::__class_type_info const*, void const*, __cxxabiv1::__class_type_info::__upcast_result&) const
 .text._ZNSt9type_infoD2Ev
                0x00000000020069ec        0x4 c:/devkitpro/devkitarm/bin/../lib/gcc/arm-none-eabi/8.1.0/../../../../arm-none-eabi/lib/thumb\libstdc++.a(tinfo.o)
                0x00000000020069ec                std::type_info::~type_info()
                0x00000000020069ec                std::type_info::~type_info()
 .text._ZNKSt9type_info14__is_pointer_pEv
                0x00000000020069f0        0x4 c:/devkitpro/devkitarm/bin/../lib/gcc/arm-none-eabi/8.1.0/../../../../arm-none-eabi/lib/thumb\libstdc++.a(tinfo.o)
                0x00000000020069f0                std::type_info::__is_pointer_p() const
                0x00000000020069f0                std::type_info::__is_function_p() const
 .text._ZNKSt9type_infoeqERKS_
                0x00000000020069f4       0x30 c:/devkitpro/devkitarm/bin/../lib/gcc/arm-none-eabi/8.1.0/../../../../arm-none-eabi/lib/thumb\libstdc++.a(tinfo.o)
                0x00000000020069f4                std::type_info::operator==(std::type_info const&) const
 .text._ZNK10__cxxabiv117__class_type_info11__do_upcastEPKS0_PPv
                0x0000000002006a24       0x40 c:/devkitpro/devkitarm/bin/../lib/gcc/arm-none-eabi/8.1.0/../../../../arm-none-eabi/lib/thumb\libstdc++.a(class_type_info.o)
                0x0000000002006a24                __cxxabiv1::__class_type_info::__do_upcast(__cxxabiv1::__class_type_info const*, void**) const
 .text._ZNK10__cxxabiv117__class_type_info20__do_find_public_srcEiPKvPKS0_S2_
                0x0000000002006a64       0x14 c:/devkitpro/devkitarm/bin/../lib/gcc/arm-none-eabi/8.1.0/../../../../arm-none-eabi/lib/thumb\libstdc++.a(class_type_info.o)
                0x0000000002006a64                __cxxabiv1::__class_type_info::__do_find_public_src(int, void const*, __cxxabiv1::__class_type_info const*, void const*) const
 .text._ZN10__cxxabiv117__class_type_infoD2Ev
                0x0000000002006a78       0x1c c:/devkitpro/devkitarm/bin/../lib/gcc/arm-none-eabi/8.1.0/../../../../arm-none-eabi/lib/thumb\libstdc++.a(class_type_info.o)
                0x0000000002006a78                __cxxabiv1::__class_type_info::~__class_type_info()
                0x0000000002006a78                __cxxabiv1::__class_type_info::~__class_type_info()
 .text._ZN10__cxxabiv117__class_type_infoD0Ev
                0x0000000002006a94       0x24 c:/devkitpro/devkitarm/bin/../lib/gcc/arm-none-eabi/8.1.0/../../../../arm-none-eabi/lib/thumb\libstdc++.a(class_type_info.o)
                0x0000000002006a94                __cxxabiv1::__class_type_info::~__class_type_info()
 .text._ZNK10__cxxabiv117__class_type_info12__do_dyncastEiNS0_10__sub_kindEPKS0_PKvS3_S5_RNS0_16__dyncast_resultE
                0x0000000002006ab8       0x44 c:/devkitpro/devkitarm/bin/../lib/gcc/arm-none-eabi/8.1.0/../../../../arm-none-eabi/lib/thumb\libstdc++.a(class_type_info.o)
                0x0000000002006ab8                __cxxabiv1::__class_type_info::__do_dyncast(int, __cxxabiv1::__class_type_info::__sub_kind, __cxxabiv1::__class_type_info const*, void const*, __cxxabiv1::__class_type_info const*, void const*, __cxxabiv1::__class_type_info::__dyncast_result&) const
 .text._ZNK10__cxxabiv117__class_type_info11__do_upcastEPKS0_PKvRNS0_15__upcast_resultE
                0x0000000002006afc       0x20 c:/devkitpro/devkitarm/bin/../lib/gcc/arm-none-eabi/8.1.0/../../../../arm-none-eabi/lib/thumb\libstdc++.a(class_type_info.o)
                0x0000000002006afc                __cxxabiv1::__class_type_info::__do_upcast(__cxxabiv1::__class_type_info const*, void const*, __cxxabiv1::__class_type_info::__upcast_result&) const
 .text._ZNK10__cxxabiv117__class_type_info10__do_catchEPKSt9type_infoPPvj
                0x0000000002006b1c       0x2c c:/devkitpro/devkitarm/bin/../lib/gcc/arm-none-eabi/8.1.0/../../../../arm-none-eabi/lib/thumb\libstdc++.a(class_type_info.o)
                0x0000000002006b1c                __cxxabiv1::__class_type_info::__do_catch(std::type_info const*, void**, unsigned int) const
 .text.selfrel_offset31
                0x0000000002006b48       0x18 c:/devkitpro/devkitarm/bin/../lib/gcc/arm-none-eabi/8.1.0/thumb\libgcc.a(unwind-arm.o)
 .text.search_EIT_table
                0x0000000002006b60       0x74 c:/devkitpro/devkitarm/bin/../lib/gcc/arm-none-eabi/8.1.0/thumb\libgcc.a(unwind-arm.o)
 .text.__gnu_unwind_get_pr_addr
                0x0000000002006bd4       0x2c c:/devkitpro/devkitarm/bin/../lib/gcc/arm-none-eabi/8.1.0/thumb\libgcc.a(unwind-arm.o)
 .text.get_eit_entry
                0x0000000002006c00       0xa0 c:/devkitpro/devkitarm/bin/../lib/gcc/arm-none-eabi/8.1.0/thumb\libgcc.a(unwind-arm.o)
 .text.restore_non_core_regs
                0x0000000002006ca0       0x5c c:/devkitpro/devkitarm/bin/../lib/gcc/arm-none-eabi/8.1.0/thumb\libgcc.a(unwind-arm.o)
 .text._Unwind_decode_typeinfo_ptr.isra.0
                0x0000000002006cfc        0xc c:/devkitpro/devkitarm/bin/../lib/gcc/arm-none-eabi/8.1.0/thumb\libgcc.a(unwind-arm.o)
 .text._Unwind_DebugHook
                0x0000000002006d08        0x4 c:/devkitpro/devkitarm/bin/../lib/gcc/arm-none-eabi/8.1.0/thumb\libgcc.a(unwind-arm.o)
 .text.unwind_phase2
                0x0000000002006d0c       0x40 c:/devkitpro/devkitarm/bin/../lib/gcc/arm-none-eabi/8.1.0/thumb\libgcc.a(unwind-arm.o)
 .text.unwind_phase2_forced
                0x0000000002006d4c       0xe0 c:/devkitpro/devkitarm/bin/../lib/gcc/arm-none-eabi/8.1.0/thumb\libgcc.a(unwind-arm.o)
 .text.__gnu_Unwind_RaiseException
                0x0000000002006e2c       0x5c c:/devkitpro/devkitarm/bin/../lib/gcc/arm-none-eabi/8.1.0/thumb\libgcc.a(unwind-arm.o)
                0x0000000002006e2c                __gnu_Unwind_RaiseException
 .text.__gnu_Unwind_ForcedUnwind
                0x0000000002006e88       0x18 c:/devkitpro/devkitarm/bin/../lib/gcc/arm-none-eabi/8.1.0/thumb\libgcc.a(unwind-arm.o)
                0x0000000002006e88                __gnu_Unwind_ForcedUnwind
 .text.__gnu_Unwind_Resume
                0x0000000002006ea0       0x4c c:/devkitpro/devkitarm/bin/../lib/gcc/arm-none-eabi/8.1.0/thumb\libgcc.a(unwind-arm.o)
                0x0000000002006ea0                __gnu_Unwind_Resume
 .text.__gnu_Unwind_Resume_or_Rethrow
                0x0000000002006eec       0x20 c:/devkitpro/devkitarm/bin/../lib/gcc/arm-none-eabi/8.1.0/thumb\libgcc.a(unwind-arm.o)
                0x0000000002006eec                __gnu_Unwind_Resume_or_Rethrow
 .text._Unwind_Complete
                0x0000000002006f0c        0x4 c:/devkitpro/devkitarm/bin/../lib/gcc/arm-none-eabi/8.1.0/thumb\libgcc.a(unwind-arm.o)
                0x0000000002006f0c                _Unwind_Complete
 .text._Unwind_DeleteException
                0x0000000002006f10       0x18 c:/devkitpro/devkitarm/bin/../lib/gcc/arm-none-eabi/8.1.0/thumb\libgcc.a(unwind-arm.o)
                0x0000000002006f10                _Unwind_DeleteException
 .text._Unwind_VRS_Get
                0x0000000002006f28       0x38 c:/devkitpro/devkitarm/bin/../lib/gcc/arm-none-eabi/8.1.0/thumb\libgcc.a(unwind-arm.o)
                0x0000000002006f28                _Unwind_VRS_Get
 .text._Unwind_GetGR
                0x0000000002006f60       0x1c c:/devkitpro/devkitarm/bin/../lib/gcc/arm-none-eabi/8.1.0/thumb\libgcc.a(unwind-arm.o)
 .text._Unwind_VRS_Set
                0x0000000002006f7c       0x38 c:/devkitpro/devkitarm/bin/../lib/gcc/arm-none-eabi/8.1.0/thumb\libgcc.a(unwind-arm.o)
                0x0000000002006f7c                _Unwind_VRS_Set
 .text._Unwind_SetGR
                0x0000000002006fb4       0x1c c:/devkitpro/devkitarm/bin/../lib/gcc/arm-none-eabi/8.1.0/thumb\libgcc.a(unwind-arm.o)
 .text.__gnu_Unwind_Backtrace
                0x0000000002006fd0       0x80 c:/devkitpro/devkitarm/bin/../lib/gcc/arm-none-eabi/8.1.0/thumb\libgcc.a(unwind-arm.o)
                0x0000000002006fd0                __gnu_Unwind_Backtrace
 .text.__gnu_unwind_pr_common
                0x0000000002007050      0x2f0 c:/devkitpro/devkitarm/bin/../lib/gcc/arm-none-eabi/8.1.0/thumb\libgcc.a(unwind-arm.o)
 .text.__aeabi_unwind_cpp_pr0
                0x0000000002007340       0x10 c:/devkitpro/devkitarm/bin/../lib/gcc/arm-none-eabi/8.1.0/thumb\libgcc.a(unwind-arm.o)
                0x0000000002007340                __aeabi_unwind_cpp_pr0
 .text.__aeabi_unwind_cpp_pr1
                0x0000000002007350       0x10 c:/devkitpro/devkitarm/bin/../lib/gcc/arm-none-eabi/8.1.0/thumb\libgcc.a(unwind-arm.o)
                0x0000000002007350                __aeabi_unwind_cpp_pr1
 .text.__aeabi_unwind_cpp_pr2
                0x0000000002007360       0x10 c:/devkitpro/devkitarm/bin/../lib/gcc/arm-none-eabi/8.1.0/thumb\libgcc.a(unwind-arm.o)
                0x0000000002007360                __aeabi_unwind_cpp_pr2
 .text._Unwind_VRS_Pop
                0x0000000002007370      0x278 c:/devkitpro/devkitarm/bin/../lib/gcc/arm-none-eabi/8.1.0/thumb\libgcc.a(unwind-arm.o)
                0x0000000002007370                _Unwind_VRS_Pop
 .text.next_unwind_byte
                0x00000000020075e8       0x34 c:/devkitpro/devkitarm/bin/../lib/gcc/arm-none-eabi/8.1.0/thumb\libgcc.a(pr-support.o)
 .text._Unwind_GetGR.constprop.0
                0x000000000200761c       0x1c c:/devkitpro/devkitarm/bin/../lib/gcc/arm-none-eabi/8.1.0/thumb\libgcc.a(pr-support.o)
 .text.unwind_UCB_from_context
                0x0000000002007638        0xc c:/devkitpro/devkitarm/bin/../lib/gcc/arm-none-eabi/8.1.0/thumb\libgcc.a(pr-support.o)
 .text.__gnu_unwind_execute
                0x0000000002007644      0x2f4 c:/devkitpro/devkitarm/bin/../lib/gcc/arm-none-eabi/8.1.0/thumb\libgcc.a(pr-support.o)
                0x0000000002007644                __gnu_unwind_execute
 .text.__gnu_unwind_frame
                0x0000000002007938       0x2c c:/devkitpro/devkitarm/bin/../lib/gcc/arm-none-eabi/8.1.0/thumb\libgcc.a(pr-support.o)
                0x0000000002007938                __gnu_unwind_frame
 .text._Unwind_GetRegionStart
                0x0000000002007964       0x10 c:/devkitpro/devkitarm/bin/../lib/gcc/arm-none-eabi/8.1.0/thumb\libgcc.a(pr-support.o)
                0x0000000002007964                _Unwind_GetRegionStart
 .text._Unwind_GetLanguageSpecificData
                0x0000000002007974       0x18 c:/devkitpro/devkitarm/bin/../lib/gcc/arm-none-eabi/8.1.0/thumb\libgcc.a(pr-support.o)
                0x0000000002007974                _Unwind_GetLanguageSpecificData
 .text.unlikely._Unwind_GetDataRelBase
                0x000000000200798c        0x6 c:/devkitpro/devkitarm/bin/../lib/gcc/arm-none-eabi/8.1.0/thumb\libgcc.a(pr-support.o)
                0x000000000200798c                _Unwind_GetDataRelBase
 .text.unlikely._Unwind_GetTextRelBase
                0x0000000002007992        0x6 c:/devkitpro/devkitarm/bin/../lib/gcc/arm-none-eabi/8.1.0/thumb\libgcc.a(pr-support.o)
                0x0000000002007992                _Unwind_GetTextRelBase
 .text.abort    0x0000000002007998       0x10 c:/devkitpro/devkitarm/bin/../lib/gcc/arm-none-eabi/8.1.0/../../../../arm-none-eabi/lib/thumb\libg.a(lib_a-abort.o)
                0x0000000002007998                abort
 .text.__libc_init_array
                0x00000000020079a8       0x50 c:/devkitpro/devkitarm/bin/../lib/gcc/arm-none-eabi/8.1.0/../../../../arm-none-eabi/lib/thumb\libg.a(lib_a-init.o)
                0x00000000020079a8                __libc_init_array
 .text.iprintf  0x00000000020079f8       0x24 c:/devkitpro/devkitarm/bin/../lib/gcc/arm-none-eabi/8.1.0/../../../../arm-none-eabi/lib/thumb\libg.a(lib_a-iprintf.o)
                0x00000000020079f8                iprintf
 .text.malloc   0x0000000002007a1c       0x14 c:/devkitpro/devkitarm/bin/../lib/gcc/arm-none-eabi/8.1.0/../../../../arm-none-eabi/lib/thumb\libg.a(lib_a-malloc.o)
                0x0000000002007a1c                malloc
 .text.free     0x0000000002007a30       0x14 c:/devkitpro/devkitarm/bin/../lib/gcc/arm-none-eabi/8.1.0/../../../../arm-none-eabi/lib/thumb\libg.a(lib_a-malloc.o)
                0x0000000002007a30                free
 .text._malloc_r
                0x0000000002007a44      0x560 c:/devkitpro/devkitarm/bin/../lib/gcc/arm-none-eabi/8.1.0/../../../../arm-none-eabi/lib/thumb\libg.a(lib_a-mallocr.o)
                0x0000000002007a44                _malloc_r
 .text.memcpy   0x0000000002007fa4       0x9c c:/devkitpro/devkitarm/bin/../lib/gcc/arm-none-eabi/8.1.0/../../../../arm-none-eabi/lib/thumb\libg.a(lib_a-memcpy-stub.o)
                0x0000000002007fa4                memcpy
 .text.memset   0x0000000002008040       0xb0 c:/devkitpro/devkitarm/bin/../lib/gcc/arm-none-eabi/8.1.0/../../../../arm-none-eabi/lib/thumb\libg.a(lib_a-memset.o)
                0x0000000002008040                memset
 .text.__malloc_lock
                0x00000000020080f0       0x14 c:/devkitpro/devkitarm/bin/../lib/gcc/arm-none-eabi/8.1.0/../../../../arm-none-eabi/lib/thumb\libg.a(lib_a-mlock.o)
                0x00000000020080f0                __malloc_lock
 .text.__malloc_unlock
                0x0000000002008104       0x14 c:/devkitpro/devkitarm/bin/../lib/gcc/arm-none-eabi/8.1.0/../../../../arm-none-eabi/lib/thumb\libg.a(lib_a-mlock.o)
                0x0000000002008104                __malloc_unlock
 .text.realloc  0x0000000002008118       0x18 c:/devkitpro/devkitarm/bin/../lib/gcc/arm-none-eabi/8.1.0/../../../../arm-none-eabi/lib/thumb\libg.a(lib_a-realloc.o)
                0x0000000002008118                realloc
 .text._realloc_r
                0x0000000002008130      0x370 c:/devkitpro/devkitarm/bin/../lib/gcc/arm-none-eabi/8.1.0/../../../../arm-none-eabi/lib/thumb\libg.a(lib_a-reallocr.o)
                0x0000000002008130                _realloc_r
 .text.setvbuf  0x00000000020084a0      0x1a0 c:/devkitpro/devkitarm/bin/../lib/gcc/arm-none-eabi/8.1.0/../../../../arm-none-eabi/lib/thumb\libg.a(lib_a-setvbuf.o)
                0x00000000020084a0                setvbuf
 .text._raise_r
                0x0000000002008640       0x64 c:/devkitpro/devkitarm/bin/../lib/gcc/arm-none-eabi/8.1.0/../../../../arm-none-eabi/lib/thumb\libg.a(lib_a-signal.o)
                0x0000000002008640                _raise_r
 .text.raise    0x00000000020086a4       0x14 c:/devkitpro/devkitarm/bin/../lib/gcc/arm-none-eabi/8.1.0/../../../../arm-none-eabi/lib/thumb\libg.a(lib_a-signal.o)
                0x00000000020086a4                raise
 .text.siscanf  0x00000000020086b8       0x4c c:/devkitpro/devkitarm/bin/../lib/gcc/arm-none-eabi/8.1.0/../../../../arm-none-eabi/lib/thumb\libg.a(lib_a-siscanf.o)
                0x00000000020086b8                siscanf
 .text.__sread  0x0000000002008704       0x34 c:/devkitpro/devkitarm/bin/../lib/gcc/arm-none-eabi/8.1.0/../../../../arm-none-eabi/lib/thumb\libg.a(lib_a-stdio.o)
                0x0000000002008704                __sread
 .text.__seofread
                0x0000000002008738        0x4 c:/devkitpro/devkitarm/bin/../lib/gcc/arm-none-eabi/8.1.0/../../../../arm-none-eabi/lib/thumb\libg.a(lib_a-stdio.o)
                0x0000000002008738                __seofread
 .text.__swrite
                0x000000000200873c       0x4c c:/devkitpro/devkitarm/bin/../lib/gcc/arm-none-eabi/8.1.0/../../../../arm-none-eabi/lib/thumb\libg.a(lib_a-stdio.o)
                0x000000000200873c                __swrite
 .text.__sseek  0x0000000002008788       0x40 c:/devkitpro/devkitarm/bin/../lib/gcc/arm-none-eabi/8.1.0/../../../../arm-none-eabi/lib/thumb\libg.a(lib_a-stdio.o)
                0x0000000002008788                __sseek
 .text.__sclose
                0x00000000020087c8       0x10 c:/devkitpro/devkitarm/bin/../lib/gcc/arm-none-eabi/8.1.0/../../../../arm-none-eabi/lib/thumb\libg.a(lib_a-stdio.o)
                0x00000000020087c8                __sclose
 .text.strlen   0x00000000020087d8       0x6c c:/devkitpro/devkitarm/bin/../lib/gcc/arm-none-eabi/8.1.0/../../../../arm-none-eabi/lib/thumb\libg.a(lib_a-strlen-stub.o)
                0x00000000020087d8                strlen
 .text.get_arg  0x0000000002008844       0x24 c:/devkitpro/devkitarm/bin/../lib/gcc/arm-none-eabi/8.1.0/../../../../arm-none-eabi/lib/thumb\libg.a(lib_a-svfiscanf.o)
 .text._sungetc_r
                0x0000000002008868       0x7e c:/devkitpro/devkitarm/bin/../lib/gcc/arm-none-eabi/8.1.0/../../../../arm-none-eabi/lib/thumb\libg.a(lib_a-svfiscanf.o)
                0x0000000002008868                _sungetc_r
 .text.__ssrefill_r
                0x00000000020088e6       0x42 c:/devkitpro/devkitarm/bin/../lib/gcc/arm-none-eabi/8.1.0/../../../../arm-none-eabi/lib/thumb\libg.a(lib_a-svfiscanf.o)
                0x00000000020088e6                __ssrefill_r
 .text._sfread_r
                0x0000000002008928       0x8a c:/devkitpro/devkitarm/bin/../lib/gcc/arm-none-eabi/8.1.0/../../../../arm-none-eabi/lib/thumb\libg.a(lib_a-svfiscanf.o)
                0x0000000002008928                _sfread_r
 *fill*         0x00000000020089b2        0x2 ff
 .text.__ssvfiscanf_r
                0x00000000020089b4     0x1b1c c:/devkitpro/devkitarm/bin/../lib/gcc/arm-none-eabi/8.1.0/../../../../arm-none-eabi/lib/thumb\libg.a(lib_a-svfiscanf.o)
                0x00000000020089b4                __ssvfiscanf_r
 .text.__submore
                0x000000000200a4d0       0x88 c:/devkitpro/devkitarm/bin/../lib/gcc/arm-none-eabi/8.1.0/../../../../arm-none-eabi/lib/thumb\libg.a(lib_a-ungetc.o)
                0x000000000200a4d0                __submore
 .text.get_arg  0x000000000200a558      0x3c8 c:/devkitpro/devkitarm/bin/../lib/gcc/arm-none-eabi/8.1.0/../../../../arm-none-eabi/lib/thumb\libg.a(lib_a-vfiprintf.o)
 .text.__sprint_r
                0x000000000200a920       0x20 c:/devkitpro/devkitarm/bin/../lib/gcc/arm-none-eabi/8.1.0/../../../../arm-none-eabi/lib/thumb\libg.a(lib_a-vfiprintf.o)
                0x000000000200a920                __sprint_r
 .text._vfiprintf_r
                0x000000000200a940     0x17f0 c:/devkitpro/devkitarm/bin/../lib/gcc/arm-none-eabi/8.1.0/../../../../arm-none-eabi/lib/thumb\libg.a(lib_a-vfiprintf.o)
                0x000000000200a940                _vfiprintf_r
 .text.__sbprintf
                0x000000000200c130       0x8c c:/devkitpro/devkitarm/bin/../lib/gcc/arm-none-eabi/8.1.0/../../../../arm-none-eabi/lib/thumb\libg.a(lib_a-vfiprintf.o)
 .text._wcrtomb_r
                0x000000000200c1bc       0x84 c:/devkitpro/devkitarm/bin/../lib/gcc/arm-none-eabi/8.1.0/../../../../arm-none-eabi/lib/thumb\libg.a(lib_a-wcrtomb.o)
                0x000000000200c1bc                _wcrtomb_r
 .text._wcsrtombs_r
                0x000000000200c240       0x1c c:/devkitpro/devkitarm/bin/../lib/gcc/arm-none-eabi/8.1.0/../../../../arm-none-eabi/lib/thumb\libg.a(lib_a-wcsrtombs.o)
                0x000000000200c240                _wcsrtombs_r
 .text.__swsetup_r
                0x000000000200c25c       0xe0 c:/devkitpro/devkitarm/bin/../lib/gcc/arm-none-eabi/8.1.0/../../../../arm-none-eabi/lib/thumb\libg.a(lib_a-wsetup.o)
                0x000000000200c25c                __swsetup_r
 .text.__sflush_r
                0x000000000200c33c      0x1b8 c:/devkitpro/devkitarm/bin/../lib/gcc/arm-none-eabi/8.1.0/../../../../arm-none-eabi/lib/thumb\libg.a(lib_a-fflush.o)
                0x000000000200c33c                __sflush_r
 .text._fflush_r
                0x000000000200c4f4       0x70 c:/devkitpro/devkitarm/bin/../lib/gcc/arm-none-eabi/8.1.0/../../../../arm-none-eabi/lib/thumb\libg.a(lib_a-fflush.o)
                0x000000000200c4f4                _fflush_r
 .text.std      0x000000000200c564       0x54 c:/devkitpro/devkitarm/bin/../lib/gcc/arm-none-eabi/8.1.0/../../../../arm-none-eabi/lib/thumb\libg.a(lib_a-findfp.o)
 .text._cleanup_r
                0x000000000200c5b8       0x14 c:/devkitpro/devkitarm/bin/../lib/gcc/arm-none-eabi/8.1.0/../../../../arm-none-eabi/lib/thumb\libg.a(lib_a-findfp.o)
                0x000000000200c5b8                _cleanup_r
 .text.__sinit  0x000000000200c5cc       0x64 c:/devkitpro/devkitarm/bin/../lib/gcc/arm-none-eabi/8.1.0/../../../../arm-none-eabi/lib/thumb\libg.a(lib_a-findfp.o)
                0x000000000200c5cc                __sinit
 .text.__sfp_lock_acquire
                0x000000000200c630       0x14 c:/devkitpro/devkitarm/bin/../lib/gcc/arm-none-eabi/8.1.0/../../../../arm-none-eabi/lib/thumb\libg.a(lib_a-findfp.o)
                0x000000000200c630                __sfp_lock_acquire
 .text.__sfp_lock_release
                0x000000000200c644       0x14 c:/devkitpro/devkitarm/bin/../lib/gcc/arm-none-eabi/8.1.0/../../../../arm-none-eabi/lib/thumb\libg.a(lib_a-findfp.o)
                0x000000000200c644                __sfp_lock_release
 .text._malloc_trim_r
                0x000000000200c658       0xa4 c:/devkitpro/devkitarm/bin/../lib/gcc/arm-none-eabi/8.1.0/../../../../arm-none-eabi/lib/thumb\libg.a(lib_a-freer.o)
                0x000000000200c658                _malloc_trim_r
 .text._free_r  0x000000000200c6fc      0x1e0 c:/devkitpro/devkitarm/bin/../lib/gcc/arm-none-eabi/8.1.0/../../../../arm-none-eabi/lib/thumb\libg.a(lib_a-freer.o)
                0x000000000200c6fc                _free_r
 .text.__sfvwrite_r
                0x000000000200c8dc      0x348 c:/devkitpro/devkitarm/bin/../lib/gcc/arm-none-eabi/8.1.0/../../../../arm-none-eabi/lib/thumb\libg.a(lib_a-fvwrite.o)
                0x000000000200c8dc                __sfvwrite_r
 .text._fwalk_reent
                0x000000000200cc24       0x54 c:/devkitpro/devkitarm/bin/../lib/gcc/arm-none-eabi/8.1.0/../../../../arm-none-eabi/lib/thumb\libg.a(lib_a-fwalk.o)
                0x000000000200cc24                _fwalk_reent
 .text.iswspace
                0x000000000200cc78       0x78 c:/devkitpro/devkitarm/bin/../lib/gcc/arm-none-eabi/8.1.0/../../../../arm-none-eabi/lib/thumb\libg.a(lib_a-iswspace.o)
                0x000000000200cc78                iswspace
 .text.__jp2uc  0x000000000200ccf0      0x190 c:/devkitpro/devkitarm/bin/../lib/gcc/arm-none-eabi/8.1.0/../../../../arm-none-eabi/lib/thumb\libg.a(lib_a-jp2uc.o)
 .text._jp2uc   0x000000000200ce80       0x8c c:/devkitpro/devkitarm/bin/../lib/gcc/arm-none-eabi/8.1.0/../../../../arm-none-eabi/lib/thumb\libg.a(lib_a-jp2uc.o)
                0x000000000200ce80                _jp2uc
 .text._localeconv_r
                0x000000000200cf0c       0x1c c:/devkitpro/devkitarm/bin/../lib/gcc/arm-none-eabi/8.1.0/../../../../arm-none-eabi/lib/thumb\libg.a(lib_a-localeconv.o)
                0x000000000200cf0c                _localeconv_r
 .text.__locale_mb_cur_max
                0x000000000200cf28       0x20 c:/devkitpro/devkitarm/bin/../lib/gcc/arm-none-eabi/8.1.0/../../../../arm-none-eabi/lib/thumb\libg.a(lib_a-locale.o)
                0x000000000200cf28                __locale_mb_cur_max
 .text.__locale_ctype_ptr_l
                0x000000000200cf48        0x8 c:/devkitpro/devkitarm/bin/../lib/gcc/arm-none-eabi/8.1.0/../../../../arm-none-eabi/lib/thumb\libg.a(lib_a-locale.o)
                0x000000000200cf48                __locale_ctype_ptr_l
 .text.__locale_ctype_ptr
                0x000000000200cf50       0x20 c:/devkitpro/devkitarm/bin/../lib/gcc/arm-none-eabi/8.1.0/../../../../arm-none-eabi/lib/thumb\libg.a(lib_a-locale.o)
                0x000000000200cf50                __locale_ctype_ptr
 .text.__swhatbuf_r
                0x000000000200cf70       0x64 c:/devkitpro/devkitarm/bin/../lib/gcc/arm-none-eabi/8.1.0/../../../../arm-none-eabi/lib/thumb\libg.a(lib_a-makebuf.o)
                0x000000000200cf70                __swhatbuf_r
 .text.__smakebuf_r
                0x000000000200cfd4       0x98 c:/devkitpro/devkitarm/bin/../lib/gcc/arm-none-eabi/8.1.0/../../../../arm-none-eabi/lib/thumb\libg.a(lib_a-makebuf.o)
                0x000000000200cfd4                __smakebuf_r
 .text._mbrtowc_r
                0x000000000200d06c       0x94 c:/devkitpro/devkitarm/bin/../lib/gcc/arm-none-eabi/8.1.0/../../../../arm-none-eabi/lib/thumb\libg.a(lib_a-mbrtowc.o)
                0x000000000200d06c                _mbrtowc_r
 .text.__utf8_mbtowc
                0x000000000200d100      0x294 c:/devkitpro/devkitarm/bin/../lib/gcc/arm-none-eabi/8.1.0/../../../../arm-none-eabi/lib/thumb\libg.a(lib_a-mbtowc_r.o)
                0x000000000200d100                __utf8_mbtowc
 .text.memchr   0x000000000200d394       0x84 c:/devkitpro/devkitarm/bin/../lib/gcc/arm-none-eabi/8.1.0/../../../../arm-none-eabi/lib/thumb\libg.a(lib_a-memchr-stub.o)
                0x000000000200d394                memchr
 .text.memmove  0x000000000200d418       0xb0 c:/devkitpro/devkitarm/bin/../lib/gcc/arm-none-eabi/8.1.0/../../../../arm-none-eabi/lib/thumb\libg.a(lib_a-memmove.o)
                0x000000000200d418                memmove
 .text.__sccl   0x000000000200d4c8       0x78 c:/devkitpro/devkitarm/bin/../lib/gcc/arm-none-eabi/8.1.0/../../../../arm-none-eabi/lib/thumb\libg.a(lib_a-sccl.o)
                0x000000000200d4c8                __sccl
 .text.strncpy  0x000000000200d540       0x84 c:/devkitpro/devkitarm/bin/../lib/gcc/arm-none-eabi/8.1.0/../../../../arm-none-eabi/lib/thumb\libg.a(lib_a-strncpy.o)
                0x000000000200d540                strncpy
 .text._strtoll_l.isra.0
                0x000000000200d5c4      0x1c4 c:/devkitpro/devkitarm/bin/../lib/gcc/arm-none-eabi/8.1.0/../../../../arm-none-eabi/lib/thumb\libg.a(lib_a-strtoll.o)
 .text._strtoll_r
                0x000000000200d788       0x34 c:/devkitpro/devkitarm/bin/../lib/gcc/arm-none-eabi/8.1.0/../../../../arm-none-eabi/lib/thumb\libg.a(lib_a-strtoll.o)
                0x000000000200d788                _strtoll_r
 .text._strtol_l.isra.0
                0x000000000200d7bc      0x15c c:/devkitpro/devkitarm/bin/../lib/gcc/arm-none-eabi/8.1.0/../../../../arm-none-eabi/lib/thumb\libg.a(lib_a-strtol.o)
 .text._strtol_r
                0x000000000200d918       0x34 c:/devkitpro/devkitarm/bin/../lib/gcc/arm-none-eabi/8.1.0/../../../../arm-none-eabi/lib/thumb\libg.a(lib_a-strtol.o)
                0x000000000200d918                _strtol_r
 .text._strtoull_l.isra.0
                0x000000000200d94c      0x1d4 c:/devkitpro/devkitarm/bin/../lib/gcc/arm-none-eabi/8.1.0/../../../../arm-none-eabi/lib/thumb\libg.a(lib_a-strtoull.o)
 .text._strtoull_r
                0x000000000200db20       0x34 c:/devkitpro/devkitarm/bin/../lib/gcc/arm-none-eabi/8.1.0/../../../../arm-none-eabi/lib/thumb\libg.a(lib_a-strtoull.o)
                0x000000000200db20                _strtoull_r
 .text._strtoul_l.isra.0
                0x000000000200db54      0x14c c:/devkitpro/devkitarm/bin/../lib/gcc/arm-none-eabi/8.1.0/../../../../arm-none-eabi/lib/thumb\libg.a(lib_a-strtoul.o)
 .text._strtoul_r
                0x000000000200dca0       0x34 c:/devkitpro/devkitarm/bin/../lib/gcc/arm-none-eabi/8.1.0/../../../../arm-none-eabi/lib/thumb\libg.a(lib_a-strtoul.o)
                0x000000000200dca0                _strtoul_r
 .text._wcsnrtombs_l
                0x000000000200dcd4      0x134 c:/devkitpro/devkitarm/bin/../lib/gcc/arm-none-eabi/8.1.0/../../../../arm-none-eabi/lib/thumb\libg.a(lib_a-wcsnrtombs.o)
                0x000000000200dcd4                _wcsnrtombs_l
 .text._wcsnrtombs_r
                0x000000000200de08       0x40 c:/devkitpro/devkitarm/bin/../lib/gcc/arm-none-eabi/8.1.0/../../../../arm-none-eabi/lib/thumb\libg.a(lib_a-wcsnrtombs.o)
                0x000000000200de08                _wcsnrtombs_r
 .text.__utf8_wctomb
                0x000000000200de48       0xbc c:/devkitpro/devkitarm/bin/../lib/gcc/arm-none-eabi/8.1.0/../../../../arm-none-eabi/lib/thumb\libg.a(lib_a-wctomb_r.o)
                0x000000000200de48                __utf8_wctomb
 .text._fclose_r
                0x000000000200df04       0xe4 c:/devkitpro/devkitarm/bin/../lib/gcc/arm-none-eabi/8.1.0/../../../../arm-none-eabi/lib/thumb\libg.a(lib_a-fclose.o)
                0x000000000200df04                _fclose_r
 .text.null_write
                0x000000000200dfe8        0x4 c:/devkitpro/devkitarm/bin/../lib/gcc/arm-none-eabi/8.1.0/../../../../arm-none-eabi/lib/thumb\libsysbase.a(iosupport.o)
 .text._close_r
                0x000000000200dfec       0x5c c:/devkitpro/devkitarm/bin/../lib/gcc/arm-none-eabi/8.1.0/../../../../arm-none-eabi/lib/thumb\libsysbase.a(close.o)
                0x000000000200dfec                _close_r
 .text._fstat_r
                0x000000000200e048       0x4c c:/devkitpro/devkitarm/bin/../lib/gcc/arm-none-eabi/8.1.0/../../../../arm-none-eabi/lib/thumb\libsysbase.a(fstat.o)
                0x000000000200e048                _fstat_r
 .text._getpid_r
                0x000000000200e094        0xc c:/devkitpro/devkitarm/bin/../lib/gcc/arm-none-eabi/8.1.0/../../../../arm-none-eabi/lib/thumb\libsysbase.a(getpid.o)
                0x000000000200e094                _getpid_r
 .text._isatty_r
                0x000000000200e0a0        0x4 c:/devkitpro/devkitarm/bin/../lib/gcc/arm-none-eabi/8.1.0/../../../../arm-none-eabi/lib/thumb\libsysbase.a(isatty.o)
                0x000000000200e0a0                _isatty_r
 .text._kill_r  0x000000000200e0a4        0xc c:/devkitpro/devkitarm/bin/../lib/gcc/arm-none-eabi/8.1.0/../../../../arm-none-eabi/lib/thumb\libsysbase.a(kill.o)
                0x000000000200e0a4                _kill_r
 .text._lseek_r
                0x000000000200e0b0       0x5c c:/devkitpro/devkitarm/bin/../lib/gcc/arm-none-eabi/8.1.0/../../../../arm-none-eabi/lib/thumb\libsysbase.a(lseek.o)
                0x000000000200e0b0                _lseek_r
 .text._read_r  0x000000000200e10c       0x50 c:/devkitpro/devkitarm/bin/../lib/gcc/arm-none-eabi/8.1.0/../../../../arm-none-eabi/lib/thumb\libsysbase.a(read.o)
                0x000000000200e10c                _read_r
 .text._sbrk_r  0x000000000200e15c       0x54 c:/devkitpro/devkitarm/bin/../lib/gcc/arm-none-eabi/8.1.0/../../../../arm-none-eabi/lib/thumb\libsysbase.a(sbrk.o)
                0x000000000200e15c                _sbrk_r
 .text._write_r
                0x000000000200e1b0       0x50 c:/devkitpro/devkitarm/bin/../lib/gcc/arm-none-eabi/8.1.0/../../../../arm-none-eabi/lib/thumb\libsysbase.a(write.o)
                0x000000000200e1b0                _write_r
 .text._exit    0x000000000200e200       0x18 c:/devkitpro/devkitarm/bin/../lib/gcc/arm-none-eabi/8.1.0/../../../../arm-none-eabi/lib/thumb\libsysbase.a(_exit.o)
                0x000000000200e200                _exit
 .text.build_argv
                0x000000000200e218       0x4c c:/devkitpro/devkitarm/bin/../lib/gcc/arm-none-eabi/8.1.0/../../../../arm-none-eabi/lib/thumb\libsysbase.a(build_argv.o)
                0x000000000200e218                build_argv
 .text.__flockfile
                0x000000000200e264       0x10 c:/devkitpro/devkitarm/bin/../lib/gcc/arm-none-eabi/8.1.0/../../../../arm-none-eabi/lib/thumb\libsysbase.a(flock.o)
                0x000000000200e264                __flockfile
 .text.__funlockfile
                0x000000000200e274       0x10 c:/devkitpro/devkitarm/bin/../lib/gcc/arm-none-eabi/8.1.0/../../../../arm-none-eabi/lib/thumb\libsysbase.a(flock.o)
                0x000000000200e274                __funlockfile
 .text.__libc_lock_acquire
                0x000000000200e284       0x1c c:/devkitpro/devkitarm/bin/../lib/gcc/arm-none-eabi/8.1.0/../../../../arm-none-eabi/lib/thumb\libsysbase.a(syscall_support.o)
                0x000000000200e284                __libc_lock_acquire
 .text.__libc_lock_release
                0x000000000200e2a0       0x1c c:/devkitpro/devkitarm/bin/../lib/gcc/arm-none-eabi/8.1.0/../../../../arm-none-eabi/lib/thumb\libsysbase.a(syscall_support.o)
                0x000000000200e2a0                __libc_lock_release
 .text.__libc_lock_init_recursive
                0x000000000200e2bc       0x1c c:/devkitpro/devkitarm/bin/../lib/gcc/arm-none-eabi/8.1.0/../../../../arm-none-eabi/lib/thumb\libsysbase.a(syscall_support.o)
                0x000000000200e2bc                __libc_lock_init_recursive
 .text.__libc_lock_acquire_recursive
                0x000000000200e2d8       0x1c c:/devkitpro/devkitarm/bin/../lib/gcc/arm-none-eabi/8.1.0/../../../../arm-none-eabi/lib/thumb\libsysbase.a(syscall_support.o)
                0x000000000200e2d8                __libc_lock_acquire_recursive
 .text.__libc_lock_release_recursive
                0x000000000200e2f4       0x1c c:/devkitpro/devkitarm/bin/../lib/gcc/arm-none-eabi/8.1.0/../../../../arm-none-eabi/lib/thumb\libsysbase.a(syscall_support.o)
                0x000000000200e2f4                __libc_lock_release_recursive
 .text.__libc_lock_close_recursive
                0x000000000200e310       0x1c c:/devkitpro/devkitarm/bin/../lib/gcc/arm-none-eabi/8.1.0/../../../../arm-none-eabi/lib/thumb\libsysbase.a(syscall_support.o)
                0x000000000200e310                __libc_lock_close_recursive
 .text.__release_handle
                0x000000000200e32c       0x6c c:/devkitpro/devkitarm/bin/../lib/gcc/arm-none-eabi/8.1.0/../../../../arm-none-eabi/lib/thumb\libsysbase.a(handle_manager.o)
                0x000000000200e32c                __release_handle
 .text.__get_handle
                0x000000000200e398       0x1c c:/devkitpro/devkitarm/bin/../lib/gcc/arm-none-eabi/8.1.0/../../../../arm-none-eabi/lib/thumb\libsysbase.a(handle_manager.o)
                0x000000000200e398                __get_handle
 .text.__getreent
                0x000000000200e3b4       0x28 c:/devkitpro/devkitarm/bin/../lib/gcc/arm-none-eabi/8.1.0/../../../../arm-none-eabi/lib/thumb\libsysbase.a(getreent.o)
                0x000000000200e3b4                __getreent
 .text.__muldi3
                0x000000000200e3dc       0x60 c:/devkitpro/devkitarm/bin/../lib/gcc/arm-none-eabi/8.1.0/thumb\libgcc.a(_muldi3.o)
                0x000000000200e3dc                __muldi3
                0x000000000200e3dc                __aeabi_lmul
 .text.__udivmoddi4
                0x000000000200e43c      0x1a8 c:/devkitpro/devkitarm/bin/../lib/gcc/arm-none-eabi/8.1.0/thumb\libgcc.a(_udivmoddi4.o)
                0x000000000200e43c                __udivmoddi4
 *fill*         0x000000000200e5e4        0x4 ff
 .text.__udivmoddi4.__stub
                0x000000000200e5e8      0x188 linker stubs
 *(EXCLUDE_FILE(*.twl*) .gnu.warning)
 *(EXCLUDE_FILE(*.twl*) .gnu.linkonce.t*)
 *(.glue_7)
 .glue_7        0x000000000200e780        0x0 linker stubs
 *(.glue_7t)
 .glue_7t       0x000000000200e780        0x0 linker stubs
                0x000000000200e780                . = ALIGN (0x4)

.vfp11_veneer   0x000000000200e780        0x0
 .vfp11_veneer  0x000000000200e780        0x0 linker stubs

.v4_bx          0x000000000200e780        0x0
 .v4_bx         0x000000000200e780        0x0 linker stubs

.iplt           0x000000000200e780        0x0
 .iplt          0x000000000200e780        0x0 c:/devkitpro/devkitarm/bin/../lib/gcc/arm-none-eabi/8.1.0/../../../../arm-none-eabi/lib/thumb/ds_arm9_crt0.o

.fini           0x000000000200e780        0xc
 *(.fini)
 .fini          0x000000000200e780        0x4 c:/devkitpro/devkitarm/bin/../lib/gcc/arm-none-eabi/8.1.0/thumb/crti.o
                0x000000000200e780                _fini
 .fini          0x000000000200e784        0x8 c:/devkitpro/devkitarm/bin/../lib/gcc/arm-none-eabi/8.1.0/thumb/crtn.o
                0x000000000200e78c                __text_end = .

.rodata         0x000000000200e78c     0x8680
 *(EXCLUDE_FILE(*.twl*) .rodata)
 .rodata        0x000000000200e78c     0x1a00 knight.o
                0x000000000200e78c                knightTiles
                0x000000000200ff8c                knightPal
 .rodata        0x000000000201018c      0xec0 Background.o
                0x000000000201018c                BackgroundTiles
                0x000000000201064c                BackgroundMap
                0x0000000002010e4c                BackgroundPal
 .rodata        0x000000000201104c       0x1c Sprite.o
                0x000000000201104c                vtable for Sprite
 .rodata        0x0000000002011068       0x1c MainCharacterSprite.o
                0x0000000002011068                vtable for MainCharacterSprite
 .rodata        0x0000000002011084     0x2004 C:/devkitPro/libnds/lib\libnds9.a(default_font.bin.o)
                0x0000000002011084                default_font_bin
                0x0000000002013084                default_font_bin_size
                0x0000000002013084                default_font_bin_end
 *all.rodata*(*)
 *(EXCLUDE_FILE(*.twl*) .roda)
 *(EXCLUDE_FILE(*.twl*) .rodata.*)
 .rodata.str1.4
                0x0000000002013088       0x28 main.o
 .rodata.con_write
                0x00000000020130b0       0xd4 C:/devkitPro/libnds/lib\libnds9.a(console.o)
 .rodata.con_write.str1.4
                0x0000000002013184       0x30 C:/devkitPro/libnds/lib\libnds9.a(console.o)
 .rodata.consoleClear.str1.4
                0x00000000020131b4        0x5 C:/devkitPro/libnds/lib\libnds9.a(console.o)
 *fill*         0x00000000020131b9        0x3 ff
 .rodata.dotab_stdout
                0x00000000020131bc       0x70 C:/devkitPro/libnds/lib\libnds9.a(console.o)
 .rodata.str1.4
                0x000000000201322c       0x14 C:/devkitPro/libnds/lib\libnds9.a(console.o)
 .rodata.SIN_LUT
                0x0000000002013240      0x102 C:/devkitPro/libnds/lib\libnds9.a(trig.o)
                0x0000000002013240                SIN_LUT
 *fill*         0x0000000002013342        0x2 ff
 .rodata._ZL28read_encoded_value_with_basehjPKhPj
                0x0000000002013344       0x34 c:/devkitpro/devkitarm/bin/../lib/gcc/arm-none-eabi/8.1.0/../../../../arm-none-eabi/lib/thumb\libstdc++.a(eh_personality.o)
 .rodata._ZNKSt13bad_exception4whatEv.str1.4
                0x0000000002013378       0x13 c:/devkitpro/devkitarm/bin/../lib/gcc/arm-none-eabi/8.1.0/../../../../arm-none-eabi/lib/thumb\libstdc++.a(eh_exception.o)
 *fill*         0x000000000201338b        0x1 ff
 .rodata._ZTIN10__cxxabiv115__forced_unwindE
                0x000000000201338c        0x8 c:/devkitpro/devkitarm/bin/../lib/gcc/arm-none-eabi/8.1.0/../../../../arm-none-eabi/lib/thumb\libstdc++.a(eh_exception.o)
                0x000000000201338c                typeinfo for __cxxabiv1::__forced_unwind
 .rodata._ZTIN10__cxxabiv119__foreign_exceptionE
                0x0000000002013394        0x8 c:/devkitpro/devkitarm/bin/../lib/gcc/arm-none-eabi/8.1.0/../../../../arm-none-eabi/lib/thumb\libstdc++.a(eh_exception.o)
                0x0000000002013394                typeinfo for __cxxabiv1::__foreign_exception
 .rodata._ZTISt13bad_exception
                0x000000000201339c        0xc c:/devkitpro/devkitarm/bin/../lib/gcc/arm-none-eabi/8.1.0/../../../../arm-none-eabi/lib/thumb\libstdc++.a(eh_exception.o)
                0x000000000201339c                typeinfo for std::bad_exception
 .rodata._ZTISt9exception
                0x00000000020133a8        0x8 c:/devkitpro/devkitarm/bin/../lib/gcc/arm-none-eabi/8.1.0/../../../../arm-none-eabi/lib/thumb\libstdc++.a(eh_exception.o)
                0x00000000020133a8                typeinfo for std::exception
 .rodata._ZTSN10__cxxabiv115__forced_unwindE
                0x00000000020133b0       0x20 c:/devkitpro/devkitarm/bin/../lib/gcc/arm-none-eabi/8.1.0/../../../../arm-none-eabi/lib/thumb\libstdc++.a(eh_exception.o)
                0x00000000020133b0                typeinfo name for __cxxabiv1::__forced_unwind
 .rodata._ZTSN10__cxxabiv119__foreign_exceptionE
                0x00000000020133d0       0x24 c:/devkitpro/devkitarm/bin/../lib/gcc/arm-none-eabi/8.1.0/../../../../arm-none-eabi/lib/thumb\libstdc++.a(eh_exception.o)
                0x00000000020133d0                typeinfo name for __cxxabiv1::__foreign_exception
 .rodata._ZTSSt13bad_exception
                0x00000000020133f4       0x12 c:/devkitpro/devkitarm/bin/../lib/gcc/arm-none-eabi/8.1.0/../../../../arm-none-eabi/lib/thumb\libstdc++.a(eh_exception.o)
                0x00000000020133f4                typeinfo name for std::bad_exception
 *fill*         0x0000000002013406        0x2 ff
 .rodata._ZTSSt9exception
                0x0000000002013408        0xd c:/devkitpro/devkitarm/bin/../lib/gcc/arm-none-eabi/8.1.0/../../../../arm-none-eabi/lib/thumb\libstdc++.a(eh_exception.o)
                0x0000000002013408                typeinfo name for std::exception
 *fill*         0x0000000002013415        0x3 ff
 .rodata._ZTVSt13bad_exception
                0x0000000002013418       0x14 c:/devkitpro/devkitarm/bin/../lib/gcc/arm-none-eabi/8.1.0/../../../../arm-none-eabi/lib/thumb\libstdc++.a(eh_exception.o)
                0x0000000002013418                vtable for std::bad_exception
 .rodata._ZTIN10__cxxabiv120__si_class_type_infoE
                0x000000000201342c        0xc c:/devkitpro/devkitarm/bin/../lib/gcc/arm-none-eabi/8.1.0/../../../../arm-none-eabi/lib/thumb\libstdc++.a(si_class_type_info.o)
                0x000000000201342c                typeinfo for __cxxabiv1::__si_class_type_info
 .rodata._ZTSN10__cxxabiv120__si_class_type_infoE
                0x0000000002013438       0x25 c:/devkitpro/devkitarm/bin/../lib/gcc/arm-none-eabi/8.1.0/../../../../arm-none-eabi/lib/thumb\libstdc++.a(si_class_type_info.o)
                0x0000000002013438                typeinfo name for __cxxabiv1::__si_class_type_info
 *fill*         0x000000000201345d        0x3 ff
 .rodata._ZTVN10__cxxabiv120__si_class_type_infoE
                0x0000000002013460       0x2c c:/devkitpro/devkitarm/bin/../lib/gcc/arm-none-eabi/8.1.0/../../../../arm-none-eabi/lib/thumb\libstdc++.a(si_class_type_info.o)
                0x0000000002013460                vtable for __cxxabiv1::__si_class_type_info
 .rodata._ZTISt9type_info
                0x000000000201348c        0x8 c:/devkitpro/devkitarm/bin/../lib/gcc/arm-none-eabi/8.1.0/../../../../arm-none-eabi/lib/thumb\libstdc++.a(tinfo.o)
                0x000000000201348c                typeinfo for std::type_info
 .rodata._ZTSSt9type_info
                0x0000000002013494        0xd c:/devkitpro/devkitarm/bin/../lib/gcc/arm-none-eabi/8.1.0/../../../../arm-none-eabi/lib/thumb\libstdc++.a(tinfo.o)
                0x0000000002013494                typeinfo name for std::type_info
 *fill*         0x00000000020134a1        0x3 ff
 .rodata._ZTIN10__cxxabiv117__class_type_infoE
                0x00000000020134a4        0xc c:/devkitpro/devkitarm/bin/../lib/gcc/arm-none-eabi/8.1.0/../../../../arm-none-eabi/lib/thumb\libstdc++.a(class_type_info.o)
                0x00000000020134a4                typeinfo for __cxxabiv1::__class_type_info
 .rodata._ZTSN10__cxxabiv117__class_type_infoE
                0x00000000020134b0       0x22 c:/devkitpro/devkitarm/bin/../lib/gcc/arm-none-eabi/8.1.0/../../../../arm-none-eabi/lib/thumb\libstdc++.a(class_type_info.o)
                0x00000000020134b0                typeinfo name for __cxxabiv1::__class_type_info
 *fill*         0x00000000020134d2        0x2 ff
 .rodata._ZTVN10__cxxabiv117__class_type_infoE
                0x00000000020134d4       0x2c c:/devkitpro/devkitarm/bin/../lib/gcc/arm-none-eabi/8.1.0/../../../../arm-none-eabi/lib/thumb\libstdc++.a(class_type_info.o)
                0x00000000020134d4                vtable for __cxxabiv1::__class_type_info
 .rodata.basefix.6948
                0x0000000002013500       0x22 c:/devkitpro/devkitarm/bin/../lib/gcc/arm-none-eabi/8.1.0/../../../../arm-none-eabi/lib/thumb\libg.a(lib_a-svfiscanf.o)
 .rodata._vfiprintf_r.str1.1
                0x0000000002013522       0x29 c:/devkitpro/devkitarm/bin/../lib/gcc/arm-none-eabi/8.1.0/../../../../arm-none-eabi/lib/thumb\libg.a(lib_a-vfiprintf.o)
 *fill*         0x000000000201354b        0x1 ff
 .rodata.blanks.7381
                0x000000000201354c       0x10 c:/devkitpro/devkitarm/bin/../lib/gcc/arm-none-eabi/8.1.0/../../../../arm-none-eabi/lib/thumb\libg.a(lib_a-vfiprintf.o)
 .rodata.zeroes.7382
                0x000000000201355c       0x10 c:/devkitpro/devkitarm/bin/../lib/gcc/arm-none-eabi/8.1.0/../../../../arm-none-eabi/lib/thumb\libg.a(lib_a-vfiprintf.o)
 .rodata.__jp2uc
                0x000000000201356c       0x20 c:/devkitpro/devkitarm/bin/../lib/gcc/arm-none-eabi/8.1.0/../../../../arm-none-eabi/lib/thumb\libg.a(lib_a-jp2uc.o)
 .rodata._jp2uc.str1.4
                0x000000000201358c       0x12 c:/devkitpro/devkitarm/bin/../lib/gcc/arm-none-eabi/8.1.0/../../../../arm-none-eabi/lib/thumb\libg.a(lib_a-jp2uc.o)
 *fill*         0x000000000201359e        0x2 ff
 .rodata.a1     0x00000000020135a0       0xbc c:/devkitpro/devkitarm/bin/../lib/gcc/arm-none-eabi/8.1.0/../../../../arm-none-eabi/lib/thumb\libg.a(lib_a-jp2uc.o)
 .rodata.a2     0x000000000201365c       0xbc c:/devkitpro/devkitarm/bin/../lib/gcc/arm-none-eabi/8.1.0/../../../../arm-none-eabi/lib/thumb\libg.a(lib_a-jp2uc.o)
 .rodata.a3     0x0000000002013718       0x5b c:/devkitpro/devkitarm/bin/../lib/gcc/arm-none-eabi/8.1.0/../../../../arm-none-eabi/lib/thumb\libg.a(lib_a-jp2uc.o)
 *fill*         0x0000000002013773        0x1 ff
 .rodata.a6     0x0000000002013774       0x70 c:/devkitpro/devkitarm/bin/../lib/gcc/arm-none-eabi/8.1.0/../../../../arm-none-eabi/lib/thumb\libg.a(lib_a-jp2uc.o)
 .rodata.a7     0x00000000020137e4       0xa2 c:/devkitpro/devkitarm/bin/../lib/gcc/arm-none-eabi/8.1.0/../../../../arm-none-eabi/lib/thumb\libg.a(lib_a-jp2uc.o)
 *fill*         0x0000000002013886        0x2 ff
 .rodata.a8     0x0000000002013888       0x40 c:/devkitpro/devkitarm/bin/../lib/gcc/arm-none-eabi/8.1.0/../../../../arm-none-eabi/lib/thumb\libg.a(lib_a-jp2uc.o)
 .rodata.b02cf  0x00000000020138c8     0x172a c:/devkitpro/devkitarm/bin/../lib/gcc/arm-none-eabi/8.1.0/../../../../arm-none-eabi/lib/thumb\libg.a(lib_a-jp2uc.o)
 *fill*         0x0000000002014ff2        0x2 ff
 .rodata.d02f4  0x0000000002014ff4     0x1a7c c:/devkitpro/devkitarm/bin/../lib/gcc/arm-none-eabi/8.1.0/../../../../arm-none-eabi/lib/thumb\libg.a(lib_a-jp2uc.o)
 .rodata.str1.4
                0x0000000002016a70       0x48 c:/devkitpro/devkitarm/bin/../lib/gcc/arm-none-eabi/8.1.0/../../../../arm-none-eabi/lib/thumb\libg.a(lib_a-locale.o)
                                         0x4c (size before relaxing)
 .rodata._mbrtowc_r.str1.4
                0x0000000002016ab8        0x1 c:/devkitpro/devkitarm/bin/../lib/gcc/arm-none-eabi/8.1.0/../../../../arm-none-eabi/lib/thumb\libg.a(lib_a-mbrtowc.o)
 .rodata.__action_table
                0x0000000002016ab8       0x6c c:/devkitpro/devkitarm/bin/../lib/gcc/arm-none-eabi/8.1.0/../../../../arm-none-eabi/lib/thumb\libg.a(lib_a-svfiprintf.o)
                0x0000000002016ab8                __action_table
 .rodata.__chclass
                0x0000000002016b24      0x100 c:/devkitpro/devkitarm/bin/../lib/gcc/arm-none-eabi/8.1.0/../../../../arm-none-eabi/lib/thumb\libg.a(lib_a-svfiprintf.o)
                0x0000000002016b24                __chclass
 .rodata.__state_table
                0x0000000002016c24       0x6c c:/devkitpro/devkitarm/bin/../lib/gcc/arm-none-eabi/8.1.0/../../../../arm-none-eabi/lib/thumb\libg.a(lib_a-svfiprintf.o)
                0x0000000002016c24                __state_table
 .rodata._ctype_
                0x0000000002016c90      0x101 c:/devkitpro/devkitarm/bin/../lib/gcc/arm-none-eabi/8.1.0/../../../../arm-none-eabi/lib/thumb\libg.a(lib_a-ctype_.o)
                0x0000000002016c90                _ctype_
 *fill*         0x0000000002016d91        0x3 ff
 .rodata.AddDevice.str1.4
                0x0000000002016d94        0x8 c:/devkitpro/devkitarm/bin/../lib/gcc/arm-none-eabi/8.1.0/../../../../arm-none-eabi/lib/thumb\libsysbase.a(iosupport.o)
 .rodata.dotab_stdnull
                0x0000000002016d9c       0x70 c:/devkitpro/devkitarm/bin/../lib/gcc/arm-none-eabi/8.1.0/../../../../arm-none-eabi/lib/thumb\libsysbase.a(iosupport.o)
                0x0000000002016d9c                dotab_stdnull
 *(EXCLUDE_FILE(*.twl*) .gnu.linkonce.r*)
                0x0000000002016e0c                . = ALIGN (0x4)

.ARM.extab      0x0000000002016e0c       0x9c
 *(.ARM.extab* .gnu.linkonce.armextab.*)
 .ARM.extab.text._ZN10__cxxabiv111__terminateEPFvvE
                0x0000000002016e0c       0x28 c:/devkitpro/devkitarm/bin/../lib/gcc/arm-none-eabi/8.1.0/../../../../arm-none-eabi/lib/thumb\libstdc++.a(eh_terminate.o)
 .ARM.extab.text.__gxx_personality_v0
                0x0000000002016e34       0x28 c:/devkitpro/devkitarm/bin/../lib/gcc/arm-none-eabi/8.1.0/../../../../arm-none-eabi/lib/thumb\libstdc++.a(eh_personality.o)
 .ARM.extab.text.__cxa_begin_catch
                0x0000000002016e5c        0xc c:/devkitpro/devkitarm/bin/../lib/gcc/arm-none-eabi/8.1.0/../../../../arm-none-eabi/lib/thumb\libstdc++.a(eh_catch.o)
 .ARM.extab.text.__cxa_type_match
                0x0000000002016e68        0xc c:/devkitpro/devkitarm/bin/../lib/gcc/arm-none-eabi/8.1.0/../../../../arm-none-eabi/lib/thumb\libstdc++.a(eh_arm.o)
 .ARM.extab.text.unlikely.__cxa_call_unexpected
                0x0000000002016e74       0x28 c:/devkitpro/devkitarm/bin/../lib/gcc/arm-none-eabi/8.1.0/../../../../arm-none-eabi/lib/thumb\libstdc++.a(eh_call.o)
 .ARM.extab.text._ZNK10__cxxabiv120__si_class_type_info12__do_dyncastEiNS_17__class_type_info10__sub_kindEPKS1_PKvS4_S6_RNS1_16__dyncast_resultE
                0x0000000002016e9c        0xc c:/devkitpro/devkitarm/bin/../lib/gcc/arm-none-eabi/8.1.0/../../../../arm-none-eabi/lib/thumb\libstdc++.a(si_class_type_info.o)
                0x0000000002016ea8                __exidx_start = .

ARM.exidx       0x0000000002016ea8       0xe8
 *(.ARM.exidx* .gnu.linkonce.armexidx.*)
 .ARM.exidx.text.__cxa_pure_virtual
                0x0000000002016ea8        0x8 c:/devkitpro/devkitarm/bin/../lib/gcc/arm-none-eabi/8.1.0/../../../../arm-none-eabi/lib/thumb\libstdc++.a(pure.o)
 .ARM.exidx.text._ZN10__cxxabiv111__terminateEPFvvE
                0x0000000002016eb0        0x8 c:/devkitpro/devkitarm/bin/../lib/gcc/arm-none-eabi/8.1.0/../../../../arm-none-eabi/lib/thumb\libstdc++.a(eh_terminate.o)
 .ARM.exidx.text._ZSt9terminatev
                0x0000000002016eb8        0x8 c:/devkitpro/devkitarm/bin/../lib/gcc/arm-none-eabi/8.1.0/../../../../arm-none-eabi/lib/thumb\libstdc++.a(eh_terminate.o)
 .ARM.exidx.text._ZN10__cxxabiv112__unexpectedEPFvvE
                0x0000000002016ec0        0x8 c:/devkitpro/devkitarm/bin/../lib/gcc/arm-none-eabi/8.1.0/../../../../arm-none-eabi/lib/thumb\libstdc++.a(eh_terminate.o)
 .ARM.exidx.text._ZSt10unexpectedv
                0x0000000002016ec8        0x0 c:/devkitpro/devkitarm/bin/../lib/gcc/arm-none-eabi/8.1.0/../../../../arm-none-eabi/lib/thumb\libstdc++.a(eh_terminate.o)
                                          0x8 (size before relaxing)
 .ARM.exidx.text._ZSt13get_terminatev
                0x0000000002016ec8        0x8 c:/devkitpro/devkitarm/bin/../lib/gcc/arm-none-eabi/8.1.0/../../../../arm-none-eabi/lib/thumb\libstdc++.a(eh_terminate.o)
 .ARM.exidx.text._ZSt14get_unexpectedv
                0x0000000002016ed0        0x0 c:/devkitpro/devkitarm/bin/../lib/gcc/arm-none-eabi/8.1.0/../../../../arm-none-eabi/lib/thumb\libstdc++.a(eh_terminate.o)
                                          0x8 (size before relaxing)
 .ARM.exidx.text._ZL28read_encoded_value_with_basehjPKhPj
                0x0000000002016ed0        0x8 c:/devkitpro/devkitarm/bin/../lib/gcc/arm-none-eabi/8.1.0/../../../../arm-none-eabi/lib/thumb\libstdc++.a(eh_personality.o)
 .ARM.exidx.text._ZL21base_of_encoded_valuehP15_Unwind_Context
                0x0000000002016ed8        0x8 c:/devkitpro/devkitarm/bin/../lib/gcc/arm-none-eabi/8.1.0/../../../../arm-none-eabi/lib/thumb\libstdc++.a(eh_personality.o)
 .ARM.exidx.text._ZL17parse_lsda_headerP15_Unwind_ContextPKhP16lsda_header_info
                0x0000000002016ee0        0x8 c:/devkitpro/devkitarm/bin/../lib/gcc/arm-none-eabi/8.1.0/../../../../arm-none-eabi/lib/thumb\libstdc++.a(eh_personality.o)
 .ARM.exidx.text.__gxx_personality_v0
                0x0000000002016ee8        0x8 c:/devkitpro/devkitarm/bin/../lib/gcc/arm-none-eabi/8.1.0/../../../../arm-none-eabi/lib/thumb\libstdc++.a(eh_personality.o)
 .ARM.exidx.text.__cxa_begin_catch
                0x0000000002016ef0        0x8 c:/devkitpro/devkitarm/bin/../lib/gcc/arm-none-eabi/8.1.0/../../../../arm-none-eabi/lib/thumb\libstdc++.a(eh_catch.o)
 .ARM.exidx.text.__cxa_end_catch
                0x0000000002016ef8       0x10 c:/devkitpro/devkitarm/bin/../lib/gcc/arm-none-eabi/8.1.0/../../../../arm-none-eabi/lib/thumb\libstdc++.a(eh_catch.o)
                                          0x8 (size before relaxing)
 .ARM.exidx.text.__cxa_type_match
                0x0000000002016f08        0x8 c:/devkitpro/devkitarm/bin/../lib/gcc/arm-none-eabi/8.1.0/../../../../arm-none-eabi/lib/thumb\libstdc++.a(eh_arm.o)
 .ARM.exidx.text.__cxa_begin_cleanup
                0x0000000002016f10        0x8 c:/devkitpro/devkitarm/bin/../lib/gcc/arm-none-eabi/8.1.0/../../../../arm-none-eabi/lib/thumb\libstdc++.a(eh_arm.o)
 .ARM.exidx.text.__gnu_end_cleanup
                0x0000000002016f18        0x0 c:/devkitpro/devkitarm/bin/../lib/gcc/arm-none-eabi/8.1.0/../../../../arm-none-eabi/lib/thumb\libstdc++.a(eh_arm.o)
                                          0x8 (size before relaxing)
 .ARM.exidx.text._ZN10__cxxabiv1L24__is_gxx_exception_classEPc
                0x0000000002016f18        0x0 c:/devkitpro/devkitarm/bin/../lib/gcc/arm-none-eabi/8.1.0/../../../../arm-none-eabi/lib/thumb\libstdc++.a(eh_call.o)
                                          0x8 (size before relaxing)
 .ARM.exidx.text.__cxa_call_terminate
                0x0000000002016f18        0x0 c:/devkitpro/devkitarm/bin/../lib/gcc/arm-none-eabi/8.1.0/../../../../arm-none-eabi/lib/thumb\libstdc++.a(eh_call.o)
                                          0x8 (size before relaxing)
 .ARM.exidx.text.unlikely.__cxa_call_unexpected
                0x0000000002016f18        0x8 c:/devkitpro/devkitarm/bin/../lib/gcc/arm-none-eabi/8.1.0/../../../../arm-none-eabi/lib/thumb\libstdc++.a(eh_call.o)
 .ARM.exidx.text.__cxa_get_globals_fast
                0x0000000002016f20        0x8 c:/devkitpro/devkitarm/bin/../lib/gcc/arm-none-eabi/8.1.0/../../../../arm-none-eabi/lib/thumb\libstdc++.a(eh_globals.o)
 .ARM.exidx.text.__cxa_get_globals
                0x0000000002016f28        0x0 c:/devkitpro/devkitarm/bin/../lib/gcc/arm-none-eabi/8.1.0/../../../../arm-none-eabi/lib/thumb\libstdc++.a(eh_globals.o)
                                          0x8 (size before relaxing)
 .ARM.exidx.text._ZNSt13bad_exceptionD2Ev
                0x0000000002016f28        0x0 c:/devkitpro/devkitarm/bin/../lib/gcc/arm-none-eabi/8.1.0/../../../../arm-none-eabi/lib/thumb\libstdc++.a(eh_exception.o)
                                          0x8 (size before relaxing)
 .ARM.exidx.text._ZNKSt13bad_exception4whatEv
                0x0000000002016f28        0x0 c:/devkitpro/devkitarm/bin/../lib/gcc/arm-none-eabi/8.1.0/../../../../arm-none-eabi/lib/thumb\libstdc++.a(eh_exception.o)
                                          0x8 (size before relaxing)
 .ARM.exidx.text._ZNSt13bad_exceptionD0Ev
                0x0000000002016f28        0x0 c:/devkitpro/devkitarm/bin/../lib/gcc/arm-none-eabi/8.1.0/../../../../arm-none-eabi/lib/thumb\libstdc++.a(eh_exception.o)
                                          0x8 (size before relaxing)
 .ARM.exidx.text._ZdlPvj
                0x0000000002016f28        0x0 c:/devkitpro/devkitarm/bin/../lib/gcc/arm-none-eabi/8.1.0/../../../../arm-none-eabi/lib/thumb\libstdc++.a(del_ops.o)
                                          0x8 (size before relaxing)
 .ARM.exidx.text._ZL23__gxx_exception_cleanup19_Unwind_Reason_CodeP21_Unwind_Control_Block
                0x0000000002016f28        0x8 c:/devkitpro/devkitarm/bin/../lib/gcc/arm-none-eabi/8.1.0/../../../../arm-none-eabi/lib/thumb\libstdc++.a(eh_throw.o)
 .ARM.exidx.text.__cxa_init_primary_exception
                0x0000000002016f30        0x8 c:/devkitpro/devkitarm/bin/../lib/gcc/arm-none-eabi/8.1.0/../../../../arm-none-eabi/lib/thumb\libstdc++.a(eh_throw.o)
 .ARM.exidx.text.__cxa_throw
                0x0000000002016f38        0x8 c:/devkitpro/devkitarm/bin/../lib/gcc/arm-none-eabi/8.1.0/../../../../arm-none-eabi/lib/thumb\libstdc++.a(eh_throw.o)
 .ARM.exidx.text.__cxa_rethrow
                0x0000000002016f40        0x8 c:/devkitpro/devkitarm/bin/../lib/gcc/arm-none-eabi/8.1.0/../../../../arm-none-eabi/lib/thumb\libstdc++.a(eh_throw.o)
 .ARM.exidx.text._ZN12_GLOBAL__N_14pool4freeEPv.constprop.4
                0x0000000002016f48        0x8 c:/devkitpro/devkitarm/bin/../lib/gcc/arm-none-eabi/8.1.0/../../../../arm-none-eabi/lib/thumb\libstdc++.a(eh_alloc.o)
 .ARM.exidx.text._ZN12_GLOBAL__N_14pool8allocateEj.constprop.5
                0x0000000002016f50        0x0 c:/devkitpro/devkitarm/bin/../lib/gcc/arm-none-eabi/8.1.0/../../../../arm-none-eabi/lib/thumb\libstdc++.a(eh_alloc.o)
                                          0x8 (size before relaxing)
 .ARM.exidx.text.__cxa_allocate_exception
                0x0000000002016f50        0x0 c:/devkitpro/devkitarm/bin/../lib/gcc/arm-none-eabi/8.1.0/../../../../arm-none-eabi/lib/thumb\libstdc++.a(eh_alloc.o)
                                          0x8 (size before relaxing)
 .ARM.exidx.text.__cxa_free_exception
                0x0000000002016f50        0x0 c:/devkitpro/devkitarm/bin/../lib/gcc/arm-none-eabi/8.1.0/../../../../arm-none-eabi/lib/thumb\libstdc++.a(eh_alloc.o)
                                          0x8 (size before relaxing)
 .ARM.exidx.text.startup._GLOBAL__sub_I__ZN9__gnu_cxx9__freeresEv
                0x0000000002016f50        0x0 c:/devkitpro/devkitarm/bin/../lib/gcc/arm-none-eabi/8.1.0/../../../../arm-none-eabi/lib/thumb\libstdc++.a(eh_alloc.o)
                                          0x8 (size before relaxing)
 .ARM.exidx.text._ZdlPv
                0x0000000002016f50        0x0 c:/devkitpro/devkitarm/bin/../lib/gcc/arm-none-eabi/8.1.0/../../../../arm-none-eabi/lib/thumb\libstdc++.a(del_op.o)
                                          0x8 (size before relaxing)
 .ARM.exidx.text._ZN10__cxxabiv120__si_class_type_infoD2Ev